Archive member included to satisfy reference by file (symbol)

C:\Users\4104720\Documents\MCUXpressoIDE_25.6.136\20260416GitembeddedC1\20260416GitembeddedC1\embeddedC1\CMSIS_CORE_LPC17xx\Debug\libCMSIS_CORE_LPC17xx.a(system_LPC17xx.o)
                              ./src/cr_startup_lpc175x_6x.o (SystemInit)
C:/nxp/MCUXpressoIDE_25.6.136/ide/plugins/com.nxp.mcuxpresso.tools.win32_25.6.0.202501151204/tools/bin/../lib/gcc/arm-none-eabi/14.2.1/../../../../arm-none-eabi/lib/thumb/v7-m/nofp\libcr_c.a(__weak__main.o)
                              ./src/cr_startup_lpc175x_6x.o (__main)
C:/nxp/MCUXpressoIDE_25.6.136/ide/plugins/com.nxp.mcuxpresso.tools.win32_25.6.0.202501151204/tools/bin/../lib/gcc/arm-none-eabi/14.2.1/../../../../arm-none-eabi/lib/thumb/v7-m/nofp\libcr_c.a(ctype.o)
                              ./src/LCD.o (__ctype)
C:/nxp/MCUXpressoIDE_25.6.136/ide/plugins/com.nxp.mcuxpresso.tools.win32_25.6.0.202501151204/tools/bin/../lib/gcc/arm-none-eabi/14.2.1/../../../../arm-none-eabi/lib/thumb/v7-m/nofp\libcr_c.a(stdlib.o)
                              ./src/clib.o (abs)
C:/nxp/MCUXpressoIDE_25.6.136/ide/plugins/com.nxp.mcuxpresso.tools.win32_25.6.0.202501151204/tools/bin/../lib/gcc/arm-none-eabi/14.2.1/../../../../arm-none-eabi/lib/thumb/v7-m/nofp\libcr_c.a(strlen.o)
                              ./src/clib.o (strlen)
C:/nxp/MCUXpressoIDE_25.6.136/ide/plugins/com.nxp.mcuxpresso.tools.win32_25.6.0.202501151204/tools/bin/../lib/gcc/arm-none-eabi/14.2.1/../../../../arm-none-eabi/lib/thumb/v7-m/nofp\libcr_c.a(initio.o)
                              C:/nxp/MCUXpressoIDE_25.6.136/ide/plugins/com.nxp.mcuxpresso.tools.win32_25.6.0.202501151204/tools/bin/../lib/gcc/arm-none-eabi/14.2.1/../../../../arm-none-eabi/lib/thumb/v7-m/nofp\libcr_c.a(stdlib.o) (_terminateio)
C:/nxp/MCUXpressoIDE_25.6.136/ide/plugins/com.nxp.mcuxpresso.tools.win32_25.6.0.202501151204/tools/bin/../lib/gcc/arm-none-eabi/14.2.1/../../../../arm-none-eabi/lib/thumb/v7-m/nofp\libcr_c.a(raise.o)
                              C:/nxp/MCUXpressoIDE_25.6.136/ide/plugins/com.nxp.mcuxpresso.tools.win32_25.6.0.202501151204/tools/bin/../lib/gcc/arm-none-eabi/14.2.1/../../../../arm-none-eabi/lib/thumb/v7-m/nofp\libcr_c.a(stdlib.o) (raise)
C:/nxp/MCUXpressoIDE_25.6.136/ide/plugins/com.nxp.mcuxpresso.tools.win32_25.6.0.202501151204/tools/bin/../lib/gcc/arm-none-eabi/14.2.1/../../../../arm-none-eabi/lib/thumb/v7-m/nofp\libcr_c.a(setvbuf.o)
                              C:/nxp/MCUXpressoIDE_25.6.136/ide/plugins/com.nxp.mcuxpresso.tools.win32_25.6.0.202501151204/tools/bin/../lib/gcc/arm-none-eabi/14.2.1/../../../../arm-none-eabi/lib/thumb/v7-m/nofp\libcr_c.a(initio.o) (setvbuf)
C:/nxp/MCUXpressoIDE_25.6.136/ide/plugins/com.nxp.mcuxpresso.tools.win32_25.6.0.202501151204/tools/bin/../lib/gcc/arm-none-eabi/14.2.1/../../../../arm-none-eabi/lib/thumb/v7-m/nofp\libcr_c.a(_fdopen.o)
                              C:/nxp/MCUXpressoIDE_25.6.136/ide/plugins/com.nxp.mcuxpresso.tools.win32_25.6.0.202501151204/tools/bin/../lib/gcc/arm-none-eabi/14.2.1/../../../../arm-none-eabi/lib/thumb/v7-m/nofp\libcr_c.a(initio.o) (_fdopen)
C:/nxp/MCUXpressoIDE_25.6.136/ide/plugins/com.nxp.mcuxpresso.tools.win32_25.6.0.202501151204/tools/bin/../lib/gcc/arm-none-eabi/14.2.1/../../../../arm-none-eabi/lib/thumb/v7-m/nofp\libcr_c.a(fclose.o)
                              C:/nxp/MCUXpressoIDE_25.6.136/ide/plugins/com.nxp.mcuxpresso.tools.win32_25.6.0.202501151204/tools/bin/../lib/gcc/arm-none-eabi/14.2.1/../../../../arm-none-eabi/lib/thumb/v7-m/nofp\libcr_c.a(initio.o) (fclose)
C:/nxp/MCUXpressoIDE_25.6.136/ide/plugins/com.nxp.mcuxpresso.tools.win32_25.6.0.202501151204/tools/bin/../lib/gcc/arm-none-eabi/14.2.1/../../../../arm-none-eabi/lib/thumb/v7-m/nofp\libcr_c.a(fflush.o)
                              C:/nxp/MCUXpressoIDE_25.6.136/ide/plugins/com.nxp.mcuxpresso.tools.win32_25.6.0.202501151204/tools/bin/../lib/gcc/arm-none-eabi/14.2.1/../../../../arm-none-eabi/lib/thumb/v7-m/nofp\libcr_c.a(fclose.o) (fflush)
C:/nxp/MCUXpressoIDE_25.6.136/ide/plugins/com.nxp.mcuxpresso.tools.win32_25.6.0.202501151204/tools/bin/../lib/gcc/arm-none-eabi/14.2.1/../../../../arm-none-eabi/lib/thumb/v7-m/nofp\libcr_c.a(fseek.o)
                              C:/nxp/MCUXpressoIDE_25.6.136/ide/plugins/com.nxp.mcuxpresso.tools.win32_25.6.0.202501151204/tools/bin/../lib/gcc/arm-none-eabi/14.2.1/../../../../arm-none-eabi/lib/thumb/v7-m/nofp\libcr_c.a(_fdopen.o) (fseek)
C:/nxp/MCUXpressoIDE_25.6.136/ide/plugins/com.nxp.mcuxpresso.tools.win32_25.6.0.202501151204/tools/bin/../lib/gcc/arm-none-eabi/14.2.1/../../../../arm-none-eabi/lib/thumb/v7-m/nofp\libcr_c.a(ftell.o)
                              C:/nxp/MCUXpressoIDE_25.6.136/ide/plugins/com.nxp.mcuxpresso.tools.win32_25.6.0.202501151204/tools/bin/../lib/gcc/arm-none-eabi/14.2.1/../../../../arm-none-eabi/lib/thumb/v7-m/nofp\libcr_c.a(fseek.o) (ftell)
[...]
Memory Configuration

Name             Origin             Length             Attributes
MFlash256        0x00000000         0x00040000         xr
RamLoc32         0x10000000         0x00008000         xrw
RamAHB32         0x2007c000         0x00008000         xrw
*default*        0x00000000         0xffffffff

Linker script and memory map

LOAD ./src/Delay.o
LOAD ./src/GPIO.o
LOAD ./src/LCD.o
LOAD ./src/LCDcounter.o
LOAD ./src/LED.o
LOAD ./src/SysTick.o
LOAD ./src/clib.o
LOAD ./src/cr_startup_lpc175x_6x.o
LOAD ./src/crp.o
LOAD ./src/datetime.o
LOAD ./src/input.o
LOAD ./src/mode_clock.o
LOAD ./src/tactSW.o
LOAD C:\Users\4104720\Documents\MCUXpressoIDE_25.6.136\20260416GitembeddedC1\20260416GitembeddedC1\embeddedC1\CMSIS_CORE_LPC17xx\Debug\libCMSIS_CORE_LPC17xx.a
START GROUP
LOAD C:/nxp/MCUXpressoIDE_25.6.136/ide/plugins/com.nxp.mcuxpresso.tools.win32_25.6.0.202501151204/tools/bin/../lib/gcc/arm-none-eabi/14.2.1/../../../../arm-none-eabi/lib/thumb/v7-m/nofp\libcr_c.a
LOAD C:/nxp/MCUXpressoIDE_25.6.136/ide/plugins/com.nxp.mcuxpresso.tools.win32_25.6.0.202501151204/tools/bin/../lib/gcc/arm-none-eabi/14.2.1/thumb/v7-m/nofp\libcr_eabihelpers.a
LOAD C:/nxp/MCUXpressoIDE_25.6.136/ide/plugins/com.nxp.mcuxpresso.tools.win32_25.6.0.202501151204/tools/bin/../lib/gcc/arm-none-eabi/14.2.1/thumb/v7-m/nofp\libgcc.a
END GROUP
                0x00000000                        __base_MFlash256 = 0x0
                0x00000000                        __base_Flash = 0x0
                0x00040000                        __top_MFlash256 = 0x40000
                0x00040000                        __top_Flash = 0x40000
                0x10000000                        __base_RamLoc32 = 0x10000000
                0x10000000                        __base_RAM = 0x10000000
                0x10008000                        __top_RamLoc32 = 0x10008000
                0x10008000                        __top_RAM = 0x10008000
                0x2007c000                        __base_RamAHB32 = 0x2007c000
                0x2007c000                        __base_RAM2 = 0x2007c000
                0x20084000                        __top_RamAHB32 = 0x20084000
                0x20084000                        __top_RAM2 = 0x20084000

.text           0x00000000     0x1c20
 FILL mask 0xff
                0x00000000                        __vectors_start__ = ABSOLUTE (.)
 *(.isr_vector)
 .isr_vector    0x00000000       0xcc ./src/cr_startup_lpc175x_6x.o
                0x00000000                g_pfnVectors
                0x000000cc                        . = ALIGN (0x4)
                0x000000cc                        __section_table_start = .
                0x000000cc                        __data_section_table = .
                0x000000cc        0x4 LONG 0x1c20 LOADADDR (.data)
                0x000000d0        0x4 LONG 0x10000000 ADDR (.data)
                0x000000d4        0x4 LONG 0x88 SIZEOF (.data)
                0x000000d8        0x4 LONG 0x1c20 LOADADDR (.data_RAM2)
                0x000000dc        0x4 LONG 0x2007c000 ADDR (.data_RAM2)
                0x000000e0        0x4 LONG 0x0 SIZEOF (.data_RAM2)
                0x000000e4                        __data_section_table_end = .
                0x000000e4                        __bss_section_table = .
                0x000000e4        0x4 LONG 0x10000088 ADDR (.bss)
                0x000000e8        0x4 LONG 0x1a4 SIZEOF (.bss)
                0x000000ec        0x4 LONG 0x2007c000 ADDR (.bss_RAM2)
                0x000000f0        0x4 LONG 0x0 SIZEOF (.bss_RAM2)
                0x000000f4                        __bss_section_table_end = .
                0x000000f4                        __section_table_end = .
 *(.after_vectors*)
 .after_vectors
                0x000000f4      0x148 ./src/cr_startup_lpc175x_6x.o
                0x000000f4                data_init
                0x00000138                bss_init
                0x00000170                ResetISR
                0x000001ec                NMI_Handler
                0x000001f4                HardFault_Handler
                0x000001fc                MemManage_Handler
                0x00000204                BusFault_Handler
                0x0000020c                UsageFault_Handler
                0x00000214                SVC_Handler
                0x0000021c                DebugMon_Handler
                0x00000224                PendSV_Handler
                0x00000234                UART1_IRQHandler
                0x00000234                EINT3_IRQHandler
                0x00000234                CANActivity_IRQHandler
                0x00000234                TIMER3_IRQHandler
                0x00000234                UART0_IRQHandler
                0x00000234                USBActivity_IRQHandler
                0x00000234                EINT2_IRQHandler
                0x00000234                IntDefaultHandler
                0x00000234                PLL0_IRQHandler
                0x00000234                CAN_IRQHandler
                0x00000234                I2C0_IRQHandler
                0x00000234                SSP0_IRQHandler
                0x00000234                I2C1_IRQHandler
                0x00000234                I2C2_IRQHandler
                0x00000234                RTC_IRQHandler
                0x00000234                TIMER0_IRQHandler
                0x00000234                SPI_IRQHandler
                0x00000234                RIT_IRQHandler
                0x00000234                EINT1_IRQHandler
                0x00000234                TIMER1_IRQHandler
                0x00000234                UART2_IRQHandler
                0x00000234                ADC_IRQHandler
                0x00000234                SSP1_IRQHandler
                0x00000234                USB_IRQHandler
                0x00000234                BOD_IRQHandler
                0x00000234                PWM1_IRQHandler
                0x00000234                WDT_IRQHandler
                0x00000234                I2S_IRQHandler
                0x00000234                QEI_IRQHandler
                0x00000234                EINT0_IRQHandler
                0x00000234                PLL1_IRQHandler
                0x00000234                DMA_IRQHandler
                0x00000234                TIMER2_IRQHandler
                0x00000234                UART3_IRQHandler
                0x00000234                MCPWM_IRQHandler
                0x00000234                ENET_IRQHandler
                0x000002fc                        . = 0x2fc
 *fill*         0x0000023c       0xc0 ff
                0x000002fc                        PROVIDE (__CRP_WORD_START__ = .)
 *(.crp)
 .crp           0x000002fc        0x4 ./src/crp.o
                0x000002fc                CRP_WORD
                0x00000300                        PROVIDE (__CRP_WORD_END__ = .)
                0x00000001                        ASSERT (! ((__CRP_WORD_START__ == __CRP_WORD_END__)), Linker CRP Enabled, but no CRP_WORD provided within application)
 *(.text*)
 .text.Delay_40ns
                0x00000300       0x1c ./src/Delay.o
                0x00000300                Delay_40ns
 .text.Delay_us
                0x0000031c       0x2a ./src/Delay.o
                0x0000031c                Delay_us
 .text.Delay_ms
                0x00000346       0x2a ./src/Delay.o
                0x00000346                Delay_ms
 .text.GPIO_setDir
                0x00000370       0x70 ./src/GPIO.o
                0x00000370                GPIO_setDir
 .text.GPIO_setValueBit
                0x000003e0       0x5c ./src/GPIO.o
                0x000003e0                GPIO_setValueBit
 .text.GPIO_getValueBit
                0x0000043c       0x4c ./src/GPIO.o
                0x0000043c                GPIO_getValueBit
 .text.GPIO_getValue
                0x00000488       0x30 ./src/GPIO.o
                0x00000488                GPIO_getValue
 .text.LCD_setup
                0x000004b8       0xbc ./src/LCD.o
                0x000004b8                LCD_setup
 .text.LCD_init
                0x00000574       0xac ./src/LCD.o
                0x00000574                LCD_init
 .text.LCD_display
                0x00000620       0xb8 ./src/LCD.o
                0x00000620                LCD_display
 .text.esc_op   0x000006d8      0x1ec ./src/LCD.o
 .text.LCD_locate
                0x000008c4       0x54 ./src/LCD.o
                0x000008c4                LCD_locate
 .text.LCD_puts
                0x00000918       0x40 ./src/LCD.o
                0x00000918                LCD_puts
 .text.LCD_putchar
                0x00000958       0x84 ./src/LCD.o
                0x00000958                LCD_putchar
 .text.read_buf
                0x000009dc       0x68 ./src/LCD.o
 .text.LCD_reset_lcdbuf
                0x00000a44       0x4c ./src/LCD.o
                0x00000a44                LCD_reset_lcdbuf
 .text.LCD_read_4bitDB
                0x00000a90       0x72 ./src/LCD.o
 .text.LCD_write_4bitDB
                0x00000b02       0x66 ./src/LCD.o
 .text.LCD_read_nibble
                0x00000b68       0x84 ./src/LCD.o
 .text.LCD_read_byte
                0x00000bec       0x38 ./src/LCD.o
 .text.LCD_write_nibble
                0x00000c24       0x8e ./src/LCD.o
 .text.LCD_write_byte
                0x00000cb2       0x3a ./src/LCD.o
 .text.LCD_is_busy
                0x00000cec       0x26 ./src/LCD.o
 *fill*         0x00000d12        0x2 ff
 .text.main     0x00000d14       0xd4 ./src/LCDcounter.o
                0x00000d14                main
 .text.disp_datetime
                0x00000de8      0x100 ./src/LCDcounter.o
 .text.SYS_init
                0x00000ee8       0x36 ./src/LCDcounter.o
 *fill*         0x00000f1e        0x2 ff
 .text.LED_setup
                0x00000f20      0x15c ./src/LED.o
                0x00000f20                LED_setup
 .text.LED_on   0x0000107c       0x3c ./src/LED.o
                0x0000107c                LED_on
 .text.LED_off  0x000010b8       0x3c ./src/LED.o
                0x000010b8                LED_off
 .text.LED_alloff
                0x000010f4       0x28 ./src/LED.o
                0x000010f4                LED_alloff
 .text.get_time_10ms
                0x0000111c       0x14 ./src/SysTick.o
                0x0000111c                get_time_10ms
 .text.SysTick_init
                0x00001130       0x24 ./src/SysTick.o
                0x00001130                SysTick_init
 .text.SysTick_Handler
                0x00001154       0x94 ./src/SysTick.o
                0x00001154                SysTick_Handler
 .text.myitoa   0x000011e8       0xb0 ./src/clib.o
                0x000011e8                myitoa
 .text.reverse  0x00001298       0x5c ./src/clib.o
 .text.init_datetime
                0x000012f4       0x3c ./src/datetime.o
                0x000012f4                init_datetime
 .text.update_datetime
                0x00001330       0xc8 ./src/datetime.o
                0x00001330                update_datetime
 .text.get_datetime
                0x000013f8       0x30 ./src/datetime.o
                0x000013f8                get_datetime
 .text.get_last_day
                0x00001428       0x48 ./src/datetime.o
 .text.is_leap_year
                0x00001470       0x64 ./src/datetime.o
 .text.init_switch
                0x000014d4       0x44 ./src/input.o
                0x000014d4                init_switch
 .text.update_switch
                0x00001518       0x64 ./src/input.o
                0x00001518                update_switch
 .text.get_clicked_event
                0x0000157c       0x3c ./src/input.o
 .text.clicked_FunctionSW
                0x000015b8       0x10 ./src/input.o
                0x000015b8                clicked_FunctionSW
 .text.init_mode_clock
                0x000015c8       0x34 ./src/mode_clock.o
                0x000015c8                init_mode_clock
 .text.mode_clock
                0x000015fc       0x9c ./src/mode_clock.o
                0x000015fc                mode_clock
 .text.is_clock_setting
                0x00001698       0x20 ./src/mode_clock.o
                0x00001698                is_clock_setting
 .text.update_clock_cursor
                0x000016b8       0xa0 ./src/mode_clock.o
                0x000016b8                update_clock_cursor
 .text.tactSW_setup
                0x00001758       0xc0 ./src/tactSW.o
                0x00001758                tactSW_setup
 .text.tactSW_isfix
                0x00001818       0x20 ./src/tactSW.o
                0x00001818                tactSW_isfix
 .text.tactSW_read
                0x00001838       0x30 ./src/tactSW.o
                0x00001838                tactSW_read
 .text.tactSW_update
                0x00001868       0x28 ./src/tactSW.o
                0x00001868                tactSW_update
 .text.tactSW_getStatus
                0x00001890       0x50 ./src/tactSW.o
                0x00001890                tactSW_getStatus
 .text.SystemInit
                0x000018e0       0xd8 C:\Users\4104720\Documents\MCUXpressoIDE_25.6.136\20260416GitembeddedC1\20260416GitembeddedC1\embeddedC1\CMSIS_CORE_LPC17xx\Debug\libCMSIS_CORE_LPC17xx.a(system_LPC17xx.o)
                0x000018e0                SystemInit
 .text.__weak_main
                0x000019b8        0x4 C:/nxp/MCUXpressoIDE_25.6.136/ide/plugins/com.nxp.mcuxpresso.tools.win32_25.6.0.202501151204/tools/bin/../lib/gcc/arm-none-eabi/14.2.1/../../../../arm-none-eabi/lib/thumb/v7-m/nofp\libcr_c.a(__weak__main.o)
                0x000019b8                __weak_main
                0x000019b8                __main
 .text.abs      0x000019bc        0x8 C:/nxp/MCUXpressoIDE_25.6.136/ide/plugins/com.nxp.mcuxpresso.tools.win32_25.6.0.202501151204/tools/bin/../lib/gcc/arm-none-eabi/14.2.1/../../../../arm-none-eabi/lib/thumb/v7-m/nofp\libcr_c.a(stdlib.o)
                0x000019bc                abs
 .text.strlen   0x000019c4       0x4e C:/nxp/MCUXpressoIDE_25.6.136/ide/plugins/com.nxp.mcuxpresso.tools.win32_25.6.0.202501151204/tools/bin/../lib/gcc/arm-none-eabi/14.2.1/../../../../arm-none-eabi/lib/thumb/v7-m/nofp\libcr_c.a(strlen.o)
                0x000019c4                strlen
 *(.rodata .rodata.* .constdata .constdata.*)
 *fill*         0x00001a12        0x2 ff
 .rodata.LCD_locate.str1.4
                0x00001a14       0x3e ./src/LCD.o
                                  0x3 (size before relaxing)
 .rodata.str1.4
                0x00001a52       0x1c ./src/LCDcounter.o
 *fill*         0x00001a52        0x2 ff
 .rodata.weekday_text
                0x00001a54       0x1c ./src/LCDcounter.o
 .rodata.main.str1.4
                0x00001a70        0x5 ./src/LCDcounter.o
 .rodata.disp_datetime.str1.4
                0x00001a70        0x5 ./src/LCDcounter.o
 .rodata.last_day_table.0
                0x00001a70       0x30 ./src/datetime.o
 .rodata.update_clock_cursor.str1.4
                0x00001aa0        0xe ./src/mode_clock.o
 .rodata.__ctype
                0x00001aa0      0x180 C:/nxp/MCUXpressoIDE_25.6.136/ide/plugins/com.nxp.mcuxpresso.tools.win32_25.6.0.202501151204/tools/bin/../lib/gcc/arm-none-eabi/14.2.1/../../../../arm-none-eabi/lib/thumb/v7-m/nofp\libcr_c.a(ctype.o)
                0x00001aa0                __ctype
                0x00001c20                        . = ALIGN (0x4)

.glue_7         0x00001c20        0x0
 .glue_7        0x00001c20        0x0 linker stubs

.glue_7t        0x00001c20        0x0
 .glue_7t       0x00001c20        0x0 linker stubs

.vfp11_veneer   0x00001c20        0x0
 .vfp11_veneer  0x00001c20        0x0 linker stubs

.v4_bx          0x00001c20        0x0
 .v4_bx         0x00001c20        0x0 linker stubs

.iplt           0x00001c20        0x0
 .iplt          0x00001c20        0x0 ./src/GPIO.o

.rel.dyn        0x00001c20        0x0
 .rel.iplt      0x00001c20        0x0 ./src/GPIO.o

.ARM.extab
 *(.ARM.extab* .gnu.linkonce.armextab.*)

.ARM.exidx      0x00001c20        0x0
                0x00001c20                        __exidx_start = .
 *(.ARM.exidx* .gnu.linkonce.armexidx.*)
                0x00001c20                        __exidx_end = .
                0x00001c20                        _etext = .

.data_RAM2      0x2007c000        0x0 load address 0x00001c20
 FILL mask 0xff
                [!provide]                        PROVIDE (__start_data_RAM2 = .)
                [!provide]                        PROVIDE (__start_data_RamAHB32 = .)
 *(.ramfunc.$RAM2)
 *(.ramfunc.$RamAHB32)
 *(.data.$RAM2)
 *(.data.$RamAHB32)
 *(.data.$RAM2.*)
 *(.data.$RamAHB32.*)
                0x2007c000                        . = ALIGN (0x4)
                [!provide]                        PROVIDE (__end_data_RAM2 = .)
                [!provide]                        PROVIDE (__end_data_RamAHB32 = .)

.uninit_RESERVED
                0x10000000        0x0
                0x10000000                        _start_uninit_RESERVED = .
 *(.bss.$RESERVED*)
                0x10000000                        . = ALIGN (0x4)
                0x10000000                        _end_uninit_RESERVED = .

.data           0x10000000       0x88 load address 0x00001c20
 FILL mask 0xff
                0x10000000                        _data = .
                [!provide]                        PROVIDE (__start_data_RAM = .)
                [!provide]                        PROVIDE (__start_data_RamLoc32 = .)
 *(vtable)
 *(.ramfunc*)
 *(CodeQuickAccess)
 *(DataQuickAccess)
 *(RamFunction)
 *(.data*)
 .data.FIOVAL_ptr
                0x10000000       0x14 ./src/GPIO.o
 .data.FIODIR_ptr.4
                0x10000014       0x14 ./src/GPIO.o
 .data.FIOSET_ptr.1
                0x10000028       0x14 ./src/GPIO.o
 .data.FIOCLR_ptr.0
                0x1000003c       0x14 ./src/GPIO.o
 .data.LED_info
                0x10000050       0x22 ./src/LED.o
 *fill*         0x10000072        0x2 ff
 .data.matchCount.0
                0x10000074        0x4 ./src/SysTick.o
 .data.TSW_info
                0x10000078        0xe ./src/tactSW.o
                0x10000088                        . = ALIGN (0x4)
 *fill*         0x10000086        0x2 ff
                0x10000088                        _edata = .
                [!provide]                        PROVIDE (__end_data_RAM = .)
                [!provide]                        PROVIDE (__end_data_RamLoc32 = .)

.igot.plt       0x10000088        0x0 load address 0x00001ca8
 .igot.plt      0x10000088        0x0 ./src/GPIO.o

.bss_RAM2       0x2007c000        0x0
                [!provide]                        PROVIDE (__start_bss_RAM2 = .)
                [!provide]                        PROVIDE (__start_bss_RamAHB32 = .)
 *(.bss.$RAM2)
 *(.bss.$RamAHB32)
 *(.bss.$RAM2.*)
 *(.bss.$RamAHB32.*)
                0x2007c000                        . = ALIGN ((. != 0x0)?0x4:0x1)
                [!provide]                        PROVIDE (__end_bss_RAM2 = .)
                [!provide]                        PROVIDE (__end_bss_RamAHB32 = .)

.bss            0x10000088      0x1a4
                0x10000088                        _bss = .
                [!provide]                        PROVIDE (__start_bss_RAM = .)
                [!provide]                        PROVIDE (__start_bss_RamLoc32 = .)
 *(.bss*)
 .bss.buf_lcd   0x10000088      0x100 ./src/LCD.o
 .bss.write_ptr
                0x10000188        0x4 ./src/LCD.o
 .bss.read_ptr  0x1000018c        0x4 ./src/LCD.o
 .bss.cnt       0x10000190        0x4 ./src/LCD.o
 .bss.chk_tmout
                0x10000194        0x4 ./src/LCD.o
 .bss.err_lcd   0x10000198        0x4 ./src/LCD.o
 .bss.is_esc.4  0x1000019c        0x1 ./src/LCD.o
 *fill*         0x1000019d        0x3 
 .bss.chk_10ms.3
                0x100001a0        0x4 ./src/LCD.o
 .bss.esc_state.2
                0x100001a4        0x1 ./src/LCD.o
 .bss.y.1       0x100001a5        0x1 ./src/LCD.o
 .bss.x.0       0x100001a6        0x1 ./src/LCD.o
 *fill*         0x100001a7        0x1 
 .bss.tick_1ms  0x100001a8        0x4 ./src/SysTick.o
 .bss.tick_10ms
                0x100001ac        0x4 ./src/SysTick.o
 .bss.mycnt.3   0x100001b0        0x4 ./src/SysTick.o
 .bss.tactSW_now.2
                0x100001b4        0x4 ./src/SysTick.o
 .bss.tactSW_old.1
                0x100001b8        0x4 ./src/SysTick.o
 .bss.current_datetime
                0x100001bc       0x1c ./src/datetime.o
 .bss.old_status
                0x100001d8       0x1c ./src/input.o
 .bss.clicked_event
                0x100001f4        0x7 ./src/input.o
 .bss.clock_state
                0x100001fb        0x1 ./src/mode_clock.o
 .bss.setting_datetime
                0x100001fc       0x1c ./src/mode_clock.o
 .bss.cursor_visible
                0x10000218        0x1 ./src/mode_clock.o
 *fill*         0x10000219        0x3 
 .bss.cursor_last_time_10ms
                0x1000021c        0x4 ./src/mode_clock.o
 .bss.cursor_update_required
                0x10000220        0x1 ./src/mode_clock.o
 *fill*         0x10000221        0x3 
 .bss.tsw       0x10000224        0x4 ./src/tactSW.o
 .bss.isfix     0x10000228        0x4 ./src/tactSW.o
 *(COMMON)
                0x1000022c                        . = ALIGN (0x4)
                0x1000022c                        _ebss = .
                [!provide]                        PROVIDE (__end_bss_RAM = .)
                [!provide]                        PROVIDE (__end_bss_RamLoc32 = .)
                [!provide]                        PROVIDE (end = .)

.noinit_RAM2    0x2007c000        0x0
                [!provide]                        PROVIDE (__start_noinit_RAM2 = .)
                [!provide]                        PROVIDE (__start_noinit_RamAHB32 = .)
 *(.noinit.$RAM2)
 *(.noinit.$RamAHB32)
 *(.noinit.$RAM2.*)
 *(.noinit.$RamAHB32.*)
                0x2007c000                        . = ALIGN (0x4)
                [!provide]                        PROVIDE (__end_noinit_RAM2 = .)
                [!provide]                        PROVIDE (__end_noinit_RamAHB32 = .)

.noinit         0x1000022c        0x0
                0x1000022c                        _noinit = .
                [!provide]                        PROVIDE (__start_noinit_RAM = .)
                [!provide]                        PROVIDE (__start_noinit_RamLoc32 = .)
 *(.noinit*)
                0x1000022c                        . = ALIGN (0x4)
                0x1000022c                        _end_noinit = .
                [!provide]                        PROVIDE (__end_noinit_RAM = .)
                [!provide]                        PROVIDE (__end_noinit_RamLoc32 = .)
                0x1000022c                        PROVIDE (_pvHeapStart = DEFINED (__user_heap_base)?__user_heap_base:.)
                0x10008000                        PROVIDE (_vStackTop = DEFINED (__user_stack_top)?__user_stack_top:(__top_RamLoc32 - 0x0))
                0xefff749e                        PROVIDE (__valid_user_code_checksum = (0x0 - ((((((_vStackTop + (ResetISR + 0x1)) + (NMI_Handler + 0x1)) + (HardFault_Handler + 0x1)) + (DEFINED (MemManage_Handler)?MemManage_Handler:0x0 + 0x1)) + (DEFINED (BusFault_Handler)?BusFault_Handler:0x0 + 0x1)) + (DEFINED (UsageFault_Handler)?UsageFault_Handler:0x0 + 0x1))))
                0x00000000                        _image_start = LOADADDR (.text)
                0x00001ca8                        _image_end = (LOADADDR (.data) + SIZEOF (.data))
                0x00001ca8                        _image_size = (_image_end - _image_start)
OUTPUT(Degitalwatch.axf elf32-littlearm)
LOAD linker stubs

.debug_info     0x00000000     0x2e1c
 .debug_info    0x00000000       0xd7 ./src/Delay.o
 .debug_info    0x000000d7      0x2ba ./src/GPIO.o
 .debug_info    0x00000391      0x718 ./src/LCD.o
 .debug_info    0x00000aa9      0x3aa ./src/LCDcounter.o
 .debug_info    0x00000e53      0x317 ./src/LED.o
 .debug_info    0x0000116a      0x160 ./src/SysTick.o
 .debug_info    0x000012ca      0x22e ./src/clib.o
 .debug_info    0x000014f8      0x2a8 ./src/cr_startup_lpc175x_6x.o
 .debug_info    0x000017a0       0x40 ./src/crp.o
 .debug_info    0x000017e0      0x1e6 ./src/datetime.o
 .debug_info    0x000019c6      0x250 ./src/input.o
 .debug_info    0x00001c16      0x273 ./src/mode_clock.o
 .debug_info    0x00001e89      0x36e ./src/tactSW.o
 .debug_info    0x000021f7      0x347 C:\Users\4104720\Documents\MCUXpressoIDE_25.6.136\20260416GitembeddedC1\20260416GitembeddedC1\embeddedC1\CMSIS_CORE_LPC17xx\Debug\libCMSIS_CORE_LPC17xx.a(system_LPC17xx.o)
 .debug_info    0x0000253e       0x4a C:/nxp/MCUXpressoIDE_25.6.136/ide/plugins/com.nxp.mcuxpresso.tools.win32_25.6.0.202501151204/tools/bin/../lib/gcc/arm-none-eabi/14.2.1/../../../../arm-none-eabi/lib/thumb/v7-m/nofp\libcr_c.a(__weak__main.o)
 .debug_info    0x00002588      0x2f8 C:/nxp/MCUXpressoIDE_25.6.136/ide/plugins/com.nxp.mcuxpresso.tools.win32_25.6.0.202501151204/tools/bin/../lib/gcc/arm-none-eabi/14.2.1/../../../../arm-none-eabi/lib/thumb/v7-m/nofp\libcr_c.a(ctype.o)
 .debug_info    0x00002880      0x4bb C:/nxp/MCUXpressoIDE_25.6.136/ide/plugins/com.nxp.mcuxpresso.tools.win32_25.6.0.202501151204/tools/bin/../lib/gcc/arm-none-eabi/14.2.1/../../../../arm-none-eabi/lib/thumb/v7-m/nofp\libcr_c.a(stdlib.o)
 .debug_info    0x00002d3b       0xe1 C:/nxp/MCUXpressoIDE_25.6.136/ide/plugins/com.nxp.mcuxpresso.tools.win32_25.6.0.202501151204/tools/bin/../lib/gcc/arm-none-eabi/14.2.1/../../../../arm-none-eabi/lib/thumb/v7-m/nofp\libcr_c.a(strlen.o)

.debug_abbrev   0x00000000     0x15d3
 .debug_abbrev  0x00000000       0xb2 ./src/Delay.o
 .debug_abbrev  0x000000b2      0x13d ./src/GPIO.o
 .debug_abbrev  0x000001ef      0x2b4 ./src/LCD.o
 .debug_abbrev  0x000004a3      0x182 ./src/LCDcounter.o
 .debug_abbrev  0x00000625      0x10d ./src/LED.o
 .debug_abbrev  0x00000732       0xd7 ./src/SysTick.o
 .debug_abbrev  0x00000809      0x13c ./src/clib.o
 .debug_abbrev  0x00000945      0x160 ./src/cr_startup_lpc175x_6x.o
 .debug_abbrev  0x00000aa5       0x38 ./src/crp.o
 .debug_abbrev  0x00000add      0x155 ./src/datetime.o
 .debug_abbrev  0x00000c32      0x123 ./src/input.o
 .debug_abbrev  0x00000d55      0x173 ./src/mode_clock.o
 .debug_abbrev  0x00000ec8      0x196 ./src/tactSW.o
 .debug_abbrev  0x0000105e      0x10e C:\Users\4104720\Documents\MCUXpressoIDE_25.6.136\20260416GitembeddedC1\20260416GitembeddedC1\embeddedC1\CMSIS_CORE_LPC17xx\Debug\libCMSIS_CORE_LPC17xx.a(system_LPC17xx.o)
 .debug_abbrev  0x0000116c       0x4f C:/nxp/MCUXpressoIDE_25.6.136/ide/plugins/com.nxp.mcuxpresso.tools.win32_25.6.0.202501151204/tools/bin/../lib/gcc/arm-none-eabi/14.2.1/../../../../arm-none-eabi/lib/thumb/v7-m/nofp\libcr_c.a(__weak__main.o)
 .debug_abbrev  0x000011bb       0xba C:/nxp/MCUXpressoIDE_25.6.136/ide/plugins/com.nxp.mcuxpresso.tools.win32_25.6.0.202501151204/tools/bin/../lib/gcc/arm-none-eabi/14.2.1/../../../../arm-none-eabi/lib/thumb/v7-m/nofp\libcr_c.a(ctype.o)
 .debug_abbrev  0x00001275      0x2b7 C:/nxp/MCUXpressoIDE_25.6.136/ide/plugins/com.nxp.mcuxpresso.tools.win32_25.6.0.202501151204/tools/bin/../lib/gcc/arm-none-eabi/14.2.1/../../../../arm-none-eabi/lib/thumb/v7-m/nofp\libcr_c.a(stdlib.o)
 .debug_abbrev  0x0000152c       0xa7 C:/nxp/MCUXpressoIDE_25.6.136/ide/plugins/com.nxp.mcuxpresso.tools.win32_25.6.0.202501151204/tools/bin/../lib/gcc/arm-none-eabi/14.2.1/../../../../arm-none-eabi/lib/thumb/v7-m/nofp\libcr_c.a(strlen.o)

.debug_aranges  0x00000000      0x518
 .debug_aranges
                0x00000000       0x38 ./src/Delay.o
 .debug_aranges
                0x00000038       0x40 ./src/GPIO.o
 .debug_aranges
                0x00000078       0x98 ./src/LCD.o
 .debug_aranges
                0x00000110       0x30 ./src/LCDcounter.o
 .debug_aranges
                0x00000140       0x38 ./src/LED.o
 .debug_aranges
                0x00000178       0x38 ./src/SysTick.o
 .debug_aranges
                0x000001b0       0x38 ./src/clib.o
 .debug_aranges
                0x000001e8       0x80 ./src/cr_startup_lpc175x_6x.o
 .debug_aranges
                0x00000268       0x18 ./src/crp.o
 .debug_aranges
                0x00000280       0x40 ./src/datetime.o
 .debug_aranges
                0x000002c0       0x68 ./src/input.o
 .debug_aranges
                0x00000328       0x38 ./src/mode_clock.o
 .debug_aranges
                0x00000360       0x48 ./src/tactSW.o
 .debug_aranges
                0x000003a8       0x28 C:\Users\4104720\Documents\MCUXpressoIDE_25.6.136\20260416GitembeddedC1\20260416GitembeddedC1\embeddedC1\CMSIS_CORE_LPC17xx\Debug\libCMSIS_CORE_LPC17xx.a(system_LPC17xx.o)
 .debug_aranges
                0x000003d0       0x20 C:/nxp/MCUXpressoIDE_25.6.136/ide/plugins/com.nxp.mcuxpresso.tools.win32_25.6.0.202501151204/tools/bin/../lib/gcc/arm-none-eabi/14.2.1/../../../../arm-none-eabi/lib/thumb/v7-m/nofp\libcr_c.a(__weak__main.o)
 .debug_aranges
                0x000003f0       0x80 C:/nxp/MCUXpressoIDE_25.6.136/ide/plugins/com.nxp.mcuxpresso.tools.win32_25.6.0.202501151204/tools/bin/../lib/gcc/arm-none-eabi/14.2.1/../../../../arm-none-eabi/lib/thumb/v7-m/nofp\libcr_c.a(ctype.o)
 .debug_aranges
                0x00000470       0x88 C:/nxp/MCUXpressoIDE_25.6.136/ide/plugins/com.nxp.mcuxpresso.tools.win32_25.6.0.202501151204/tools/bin/../lib/gcc/arm-none-eabi/14.2.1/../../../../arm-none-eabi/lib/thumb/v7-m/nofp\libcr_c.a(stdlib.o)
 .debug_aranges
                0x000004f8       0x20 C:/nxp/MCUXpressoIDE_25.6.136/ide/plugins/com.nxp.mcuxpresso.tools.win32_25.6.0.202501151204/tools/bin/../lib/gcc/arm-none-eabi/14.2.1/../../../../arm-none-eabi/lib/thumb/v7-m/nofp\libcr_c.a(strlen.o)

.debug_ranges   0x00000000      0x420
 .debug_ranges  0x00000000       0x28 ./src/Delay.o
 .debug_ranges  0x00000028       0x60 ./src/GPIO.o
 .debug_ranges  0x00000088       0x88 ./src/LCD.o
 .debug_ranges  0x00000110       0x20 ./src/LCDcounter.o
 .debug_ranges  0x00000130       0x28 ./src/LED.o
 .debug_ranges  0x00000158       0x28 ./src/SysTick.o
 .debug_ranges  0x00000180       0x28 ./src/clib.o
 .debug_ranges  0x000001a8       0x70 ./src/cr_startup_lpc175x_6x.o
 .debug_ranges  0x00000218       0x30 ./src/datetime.o
 .debug_ranges  0x00000248       0x58 ./src/input.o
 .debug_ranges  0x000002a0       0x28 ./src/mode_clock.o
 .debug_ranges  0x000002c8       0x38 ./src/tactSW.o
 .debug_ranges  0x00000300       0x18 C:\Users\4104720\Documents\MCUXpressoIDE_25.6.136\20260416GitembeddedC1\20260416GitembeddedC1\embeddedC1\CMSIS_CORE_LPC17xx\Debug\libCMSIS_CORE_LPC17xx.a(system_LPC17xx.o)
 .debug_ranges  0x00000318       0x10 C:/nxp/MCUXpressoIDE_25.6.136/ide/plugins/com.nxp.mcuxpresso.tools.win32_25.6.0.202501151204/tools/bin/../lib/gcc/arm-none-eabi/14.2.1/../../../../arm-none-eabi/lib/thumb/v7-m/nofp\libcr_c.a(__weak__main.o)
 .debug_ranges  0x00000328       0x70 C:/nxp/MCUXpressoIDE_25.6.136/ide/plugins/com.nxp.mcuxpresso.tools.win32_25.6.0.202501151204/tools/bin/../lib/gcc/arm-none-eabi/14.2.1/../../../../arm-none-eabi/lib/thumb/v7-m/nofp\libcr_c.a(ctype.o)
 .debug_ranges  0x00000398       0x78 C:/nxp/MCUXpressoIDE_25.6.136/ide/plugins/com.nxp.mcuxpresso.tools.win32_25.6.0.202501151204/tools/bin/../lib/gcc/arm-none-eabi/14.2.1/../../../../arm-none-eabi/lib/thumb/v7-m/nofp\libcr_c.a(stdlib.o)
 .debug_ranges  0x00000410       0x10 C:/nxp/MCUXpressoIDE_25.6.136/ide/plugins/com.nxp.mcuxpresso.tools.win32_25.6.0.202501151204/tools/bin/../lib/gcc/arm-none-eabi/14.2.1/../../../../arm-none-eabi/lib/thumb/v7-m/nofp\libcr_c.a(strlen.o)

.debug_macro    0x00000000     0x363a
 .debug_macro   0x00000000       0x1b ./src/Delay.o
 .debug_macro   0x0000001b      0xae4 ./src/Delay.o
 .debug_macro   0x00000aff       0x63 ./src/GPIO.o
 .debug_macro   0x00000b62       0x10 ./src/GPIO.o
 .debug_macro   0x00000b72       0x7c ./src/GPIO.o
 .debug_macro   0x00000bee      0x12e ./src/GPIO.o
 .debug_macro   0x00000d1c      0x5b3 ./src/GPIO.o
 .debug_macro   0x000012cf       0x10 ./src/GPIO.o
 .debug_macro   0x000012df       0xbe ./src/GPIO.o
 .debug_macro   0x0000139d      0x1c9 ./src/LCD.o
 .debug_macro   0x00001566       0x7c ./src/LCD.o
 .debug_macro   0x000015e2       0x22 ./src/LCD.o
 .debug_macro   0x00001604       0x1c ./src/LCD.o
 .debug_macro   0x00001620       0x3a ./src/LCD.o
 .debug_macro   0x0000165a       0x2d ./src/LCD.o
 .debug_macro   0x00001687      0xbb1 ./src/LCD.o
 .debug_macro   0x00002238      0x2c7 ./src/LCD.o
 .debug_macro   0x000024ff       0x70 ./src/LCD.o
 .debug_macro   0x0000256f       0x16 ./src/LCD.o
 .debug_macro   0x00002585       0x40 ./src/LCD.o
 .debug_macro   0x000025c5       0xe3 ./src/LCDcounter.o
 .debug_macro   0x000026a8       0x2e ./src/LCDcounter.o
 .debug_macro   0x000026d6       0x71 ./src/LED.o
 .debug_macro   0x00002747       0x98 ./src/SysTick.o
 .debug_macro   0x000027df       0x6d ./src/clib.o
 .debug_macro   0x0000284c       0x22 ./src/clib.o
 .debug_macro   0x0000286e       0x1d ./src/cr_startup_lpc175x_6x.o
 .debug_macro   0x0000288b       0x1a ./src/crp.o
 .debug_macro   0x000028a5       0x34 ./src/crp.o
 .debug_macro   0x000028d9       0x1b ./src/datetime.o
 .debug_macro   0x000028f4       0x68 ./src/input.o
 .debug_macro   0x0000295c       0x5d ./src/mode_clock.o
 .debug_macro   0x000029b9       0x76 ./src/tactSW.o
 .debug_macro   0x00002a2f      0x12d C:\Users\4104720\Documents\MCUXpressoIDE_25.6.136\20260416GitembeddedC1\20260416GitembeddedC1\embeddedC1\CMSIS_CORE_LPC17xx\Debug\libCMSIS_CORE_LPC17xx.a(system_LPC17xx.o)
 .debug_macro   0x00002b5c      0xade C:\Users\4104720\Documents\MCUXpressoIDE_25.6.136\20260416GitembeddedC1\20260416GitembeddedC1\embeddedC1\CMSIS_CORE_LPC17xx\Debug\libCMSIS_CORE_LPC17xx.a(system_LPC17xx.o)

.debug_line     0x00000000     0x2f74
 .debug_line    0x00000000      0x100 ./src/Delay.o
 .debug_line    0x00000100      0x2c5 ./src/GPIO.o
 .debug_line    0x000003c5      0x7b9 ./src/LCD.o
 .debug_line    0x00000b7e      0x42b ./src/LCDcounter.o
 .debug_line    0x00000fa9      0x2c1 ./src/LED.o
 .debug_line    0x0000126a      0x276 ./src/SysTick.o
 .debug_line    0x000014e0      0x307 ./src/clib.o
 .debug_line    0x000017e7      0x11e ./src/cr_startup_lpc175x_6x.o
 .debug_line    0x00001905       0xae ./src/crp.o
 .debug_line    0x000019b3      0x1c2 ./src/datetime.o
 .debug_line    0x00001b75      0x324 ./src/input.o
 .debug_line    0x00001e99      0x226 ./src/mode_clock.o
 .debug_line    0x000020bf      0x2fc ./src/tactSW.o
 .debug_line    0x000023bb      0x485 C:\Users\4104720\Documents\MCUXpressoIDE_25.6.136\20260416GitembeddedC1\20260416GitembeddedC1\embeddedC1\CMSIS_CORE_LPC17xx\Debug\libCMSIS_CORE_LPC17xx.a(system_LPC17xx.o)
 .debug_line    0x00002840       0x4a C:/nxp/MCUXpressoIDE_25.6.136/ide/plugins/com.nxp.mcuxpresso.tools.win32_25.6.0.202501151204/tools/bin/../lib/gcc/arm-none-eabi/14.2.1/../../../../arm-none-eabi/lib/thumb/v7-m/nofp\libcr_c.a(__weak__main.o)
 .debug_line    0x0000288a      0x202 C:/nxp/MCUXpressoIDE_25.6.136/ide/plugins/com.nxp.mcuxpresso.tools.win32_25.6.0.202501151204/tools/bin/../lib/gcc/arm-none-eabi/14.2.1/../../../../arm-none-eabi/lib/thumb/v7-m/nofp\libcr_c.a(ctype.o)
 .debug_line    0x00002a8c      0x3a7 C:/nxp/MCUXpressoIDE_25.6.136/ide/plugins/com.nxp.mcuxpresso.tools.win32_25.6.0.202501151204/tools/bin/../lib/gcc/arm-none-eabi/14.2.1/../../../../arm-none-eabi/lib/thumb/v7-m/nofp\libcr_c.a(stdlib.o)
 .debug_line    0x00002e33      0x141 C:/nxp/MCUXpressoIDE_25.6.136/ide/plugins/com.nxp.mcuxpresso.tools.win32_25.6.0.202501151204/tools/bin/../lib/gcc/arm-none-eabi/14.2.1/../../../../arm-none-eabi/lib/thumb/v7-m/nofp\libcr_c.a(strlen.o)

.debug_str      0x00000000     0xc50f
 .debug_str     0x00000000     0xc50f ./src/Delay.o
                               0x2edb (size before relaxing)
 .debug_str     0x0000c50f     0x4d4a ./src/GPIO.o
 .debug_str     0x0000c50f     0xab04 ./src/LCD.o
 .debug_str     0x0000c50f     0xa334 ./src/LCDcounter.o
 .debug_str     0x0000c50f     0x4f70 ./src/LED.o
 .debug_str     0x0000c50f     0x482f ./src/SysTick.o
 .debug_str     0x0000c50f     0x4656 ./src/clib.o
 .debug_str     0x0000c50f     0x3096 ./src/cr_startup_lpc175x_6x.o
 .debug_str     0x0000c50f     0x2f7f ./src/crp.o
 .debug_str     0x0000c50f     0x2faa ./src/datetime.o
 .debug_str     0x0000c50f     0x47eb ./src/input.o
 .debug_str     0x0000c50f     0x3219 ./src/mode_clock.o
 .debug_str     0x0000c50f     0x4bab ./src/tactSW.o
 .debug_str     0x0000c50f     0xa2d4 C:\Users\4104720\Documents\MCUXpressoIDE_25.6.136\20260416GitembeddedC1\20260416GitembeddedC1\embeddedC1\CMSIS_CORE_LPC17xx\Debug\libCMSIS_CORE_LPC17xx.a(system_LPC17xx.o)
 .debug_str     0x0000c50f      0x126 C:/nxp/MCUXpressoIDE_25.6.136/ide/plugins/com.nxp.mcuxpresso.tools.win32_25.6.0.202501151204/tools/bin/../lib/gcc/arm-none-eabi/14.2.1/../../../../arm-none-eabi/lib/thumb/v7-m/nofp\libcr_c.a(__weak__main.o)
 .debug_str     0x0000c50f      0x1c1 C:/nxp/MCUXpressoIDE_25.6.136/ide/plugins/com.nxp.mcuxpresso.tools.win32_25.6.0.202501151204/tools/bin/../lib/gcc/arm-none-eabi/14.2.1/../../../../arm-none-eabi/lib/thumb/v7-m/nofp\libcr_c.a(ctype.o)
 .debug_str     0x0000c50f      0x277 C:/nxp/MCUXpressoIDE_25.6.136/ide/plugins/com.nxp.mcuxpresso.tools.win32_25.6.0.202501151204/tools/bin/../lib/gcc/arm-none-eabi/14.2.1/../../../../arm-none-eabi/lib/thumb/v7-m/nofp\libcr_c.a(stdlib.o)
 .debug_str     0x0000c50f      0x17a C:/nxp/MCUXpressoIDE_25.6.136/ide/plugins/com.nxp.mcuxpresso.tools.win32_25.6.0.202501151204/tools/bin/../lib/gcc/arm-none-eabi/14.2.1/../../../../arm-none-eabi/lib/thumb/v7-m/nofp\libcr_c.a(strlen.o)

.comment        0x00000000       0x45
 .comment       0x00000000       0x45 ./src/Delay.o
                                 0x46 (size before relaxing)
 .comment       0x00000045       0x46 ./src/GPIO.o
 .comment       0x00000045       0x46 ./src/LCD.o
 .comment       0x00000045       0x46 ./src/LCDcounter.o
 .comment       0x00000045       0x46 ./src/LED.o
 .comment       0x00000045       0x46 ./src/SysTick.o
 .comment       0x00000045       0x46 ./src/clib.o
 .comment       0x00000045       0x46 ./src/cr_startup_lpc175x_6x.o
 .comment       0x00000045       0x46 ./src/crp.o
 .comment       0x00000045       0x46 ./src/datetime.o
 .comment       0x00000045       0x46 ./src/input.o
 .comment       0x00000045       0x46 ./src/mode_clock.o
 .comment       0x00000045       0x46 ./src/tactSW.o
 .comment       0x00000045       0x46 C:\Users\4104720\Documents\MCUXpressoIDE_25.6.136\20260416GitembeddedC1\20260416GitembeddedC1\embeddedC1\CMSIS_CORE_LPC17xx\Debug\libCMSIS_CORE_LPC17xx.a(system_LPC17xx.o)
 .comment       0x00000045       0x46 C:/nxp/MCUXpressoIDE_25.6.136/ide/plugins/com.nxp.mcuxpresso.tools.win32_25.6.0.202501151204/tools/bin/../lib/gcc/arm-none-eabi/14.2.1/../../../../arm-none-eabi/lib/thumb/v7-m/nofp\libcr_c.a(__weak__main.o)
 .comment       0x00000045       0x46 C:/nxp/MCUXpressoIDE_25.6.136/ide/plugins/com.nxp.mcuxpresso.tools.win32_25.6.0.202501151204/tools/bin/../lib/gcc/arm-none-eabi/14.2.1/../../../../arm-none-eabi/lib/thumb/v7-m/nofp\libcr_c.a(ctype.o)
 .comment       0x00000045       0x46 C:/nxp/MCUXpressoIDE_25.6.136/ide/plugins/com.nxp.mcuxpresso.tools.win32_25.6.0.202501151204/tools/bin/../lib/gcc/arm-none-eabi/14.2.1/../../../../arm-none-eabi/lib/thumb/v7-m/nofp\libcr_c.a(stdlib.o)
 .comment       0x00000045       0x46 C:/nxp/MCUXpressoIDE_25.6.136/ide/plugins/com.nxp.mcuxpresso.tools.win32_25.6.0.202501151204/tools/bin/../lib/gcc/arm-none-eabi/14.2.1/../../../../arm-none-eabi/lib/thumb/v7-m/nofp\libcr_c.a(strlen.o)

.ARM.attributes
                0x00000000       0x2b
 .ARM.attributes
                0x00000000       0x2d ./src/Delay.o
 .ARM.attributes
                0x0000002d       0x2d ./src/GPIO.o
 .ARM.attributes
                0x0000005a       0x2d ./src/LCD.o
 .ARM.attributes
                0x00000087       0x2d ./src/LCDcounter.o
 .ARM.attributes
                0x000000b4       0x2d ./src/LED.o
 .ARM.attributes
                0x000000e1       0x2d ./src/SysTick.o
 .ARM.attributes
                0x0000010e       0x2d ./src/clib.o
 .ARM.attributes
                0x0000013b       0x2d ./src/cr_startup_lpc175x_6x.o
 .ARM.attributes
                0x00000168       0x2d ./src/crp.o
 .ARM.attributes
                0x00000195       0x2d ./src/datetime.o
 .ARM.attributes
                0x000001c2       0x2d ./src/input.o
 .ARM.attributes
                0x000001ef       0x2d ./src/mode_clock.o
 .ARM.attributes
                0x0000021c       0x2d ./src/tactSW.o
 .ARM.attributes
                0x00000249       0x2d C:\Users\4104720\Documents\MCUXpressoIDE_25.6.136\20260416GitembeddedC1\20260416GitembeddedC1\embeddedC1\CMSIS_CORE_LPC17xx\Debug\libCMSIS_CORE_LPC17xx.a(system_LPC17xx.o)
 .ARM.attributes
                0x00000276       0x2d C:/nxp/MCUXpressoIDE_25.6.136/ide/plugins/com.nxp.mcuxpresso.tools.win32_25.6.0.202501151204/tools/bin/../lib/gcc/arm-none-eabi/14.2.1/../../../../arm-none-eabi/lib/thumb/v7-m/nofp\libcr_c.a(__weak__main.o)
 .ARM.attributes
                0x000002a3       0x2d C:/nxp/MCUXpressoIDE_25.6.136/ide/plugins/com.nxp.mcuxpresso.tools.win32_25.6.0.202501151204/tools/bin/../lib/gcc/arm-none-eabi/14.2.1/../../../../arm-none-eabi/lib/thumb/v7-m/nofp\libcr_c.a(ctype.o)
 .ARM.attributes
                0x000002d0       0x2d C:/nxp/MCUXpressoIDE_25.6.136/ide/plugins/com.nxp.mcuxpresso.tools.win32_25.6.0.202501151204/tools/bin/../lib/gcc/arm-none-eabi/14.2.1/../../../../arm-none-eabi/lib/thumb/v7-m/nofp\libcr_c.a(stdlib.o)
 .ARM.attributes
                0x000002fd       0x2d C:/nxp/MCUXpressoIDE_25.6.136/ide/plugins/com.nxp.mcuxpresso.tools.win32_25.6.0.202501151204/tools/bin/../lib/gcc/arm-none-eabi/14.2.1/../../../../arm-none-eabi/lib/thumb/v7-m/nofp\libcr_c.a(strlen.o)

.debug_frame    0x00000000      0xda0
 .debug_frame   0x00000000       0xac ./src/Delay.o
 .debug_frame   0x000000ac       0xd8 ./src/GPIO.o
 .debug_frame   0x00000184      0x244 ./src/LCD.o
 .debug_frame   0x000003c8       0x70 ./src/LCDcounter.o
 .debug_frame   0x00000438       0x98 ./src/LED.o
 .debug_frame   0x000004d0       0x8c ./src/SysTick.o
 .debug_frame   0x0000055c       0xa4 ./src/clib.o
 .debug_frame   0x00000600      0x170 ./src/cr_startup_lpc175x_6x.o
 .debug_frame   0x00000770       0xc8 ./src/datetime.o
 .debug_frame   0x00000838      0x144 ./src/input.o
 .debug_frame   0x0000097c       0x98 ./src/mode_clock.o
 .debug_frame   0x00000a14       0xe8 ./src/tactSW.o
 .debug_frame   0x00000afc       0x38 C:\Users\4104720\Documents\MCUXpressoIDE_25.6.136\20260416GitembeddedC1\20260416GitembeddedC1\embeddedC1\CMSIS_CORE_LPC17xx\Debug\libCMSIS_CORE_LPC17xx.a(system_LPC17xx.o)
 .debug_frame   0x00000b34       0x20 C:/nxp/MCUXpressoIDE_25.6.136/ide/plugins/com.nxp.mcuxpresso.tools.win32_25.6.0.202501151204/tools/bin/../lib/gcc/arm-none-eabi/14.2.1/../../../../arm-none-eabi/lib/thumb/v7-m/nofp\libcr_c.a(__weak__main.o)
 .debug_frame   0x00000b54       0xe0 C:/nxp/MCUXpressoIDE_25.6.136/ide/plugins/com.nxp.mcuxpresso.tools.win32_25.6.0.202501151204/tools/bin/../lib/gcc/arm-none-eabi/14.2.1/../../../../arm-none-eabi/lib/thumb/v7-m/nofp\libcr_c.a(ctype.o)
 .debug_frame   0x00000c34      0x144 C:/nxp/MCUXpressoIDE_25.6.136/ide/plugins/com.nxp.mcuxpresso.tools.win32_25.6.0.202501151204/tools/bin/../lib/gcc/arm-none-eabi/14.2.1/../../../../arm-none-eabi/lib/thumb/v7-m/nofp\libcr_c.a(stdlib.o)
 .debug_frame   0x00000d78       0x28 C:/nxp/MCUXpressoIDE_25.6.136/ide/plugins/com.nxp.mcuxpresso.tools.win32_25.6.0.202501151204/tools/bin/../lib/gcc/arm-none-eabi/14.2.1/../../../../arm-none-eabi/lib/thumb/v7-m/nofp\libcr_c.a(strlen.o)

.debug_loc      0x00000000      0x5ee
 .debug_loc     0x00000000      0x22f C:/nxp/MCUXpressoIDE_25.6.136/ide/plugins/com.nxp.mcuxpresso.tools.win32_25.6.0.202501151204/tools/bin/../lib/gcc/arm-none-eabi/14.2.1/../../../../arm-none-eabi/lib/thumb/v7-m/nofp\libcr_c.a(ctype.o)
 .debug_loc     0x0000022f      0x2cf C:/nxp/MCUXpressoIDE_25.6.136/ide/plugins/com.nxp.mcuxpresso.tools.win32_25.6.0.202501151204/tools/bin/../lib/gcc/arm-none-eabi/14.2.1/../../../../arm-none-eabi/lib/thumb/v7-m/nofp\libcr_c.a(stdlib.o)
 .debug_loc     0x000004fe       0xf0 C:/nxp/MCUXpressoIDE_25.6.136/ide/plugins/com.nxp.mcuxpresso.tools.win32_25.6.0.202501151204/tools/bin/../lib/gcc/arm-none-eabi/14.2.1/../../../../arm-none-eabi/lib/thumb/v7-m/nofp\libcr_c.a(strlen.o)
