Archive member included to satisfy reference by file (symbol)

C:\Users\4076383\Documents\MCUXpressoIDE_25.6.136\20260220GitembeddedC1\embeddedC1\CMSIS_CORE_LPC17xx\Debug\libCMSIS_CORE_LPC17xx.a(system_LPC17xx.o)
                              ./src/cr_startup_lpc175x_6x.o (SystemInit)
C:/nxp/MCUXpressoIDE_25.6.136/ide/plugins/com.nxp.mcuxpresso.tools.win32_25.6.0.202501151204/tools/bin/../lib/gcc/arm-none-eabi/14.2.1/../../../../arm-none-eabi/lib/thumb/v7-m/nofp\libcr_c.a(__weak__main.o)
                              ./src/cr_startup_lpc175x_6x.o (__main)
C:/nxp/MCUXpressoIDE_25.6.136/ide/plugins/com.nxp.mcuxpresso.tools.win32_25.6.0.202501151204/tools/bin/../lib/gcc/arm-none-eabi/14.2.1/../../../../arm-none-eabi/lib/thumb/v7-m/nofp\libcr_c.a(ctype.o)
                              ./src/LCD.o (__ctype)
C:/nxp/MCUXpressoIDE_25.6.136/ide/plugins/com.nxp.mcuxpresso.tools.win32_25.6.0.202501151204/tools/bin/../lib/gcc/arm-none-eabi/14.2.1/../../../../arm-none-eabi/lib/thumb/v7-m/nofp\libcr_c.a(stdlib.o)
                              ./src/clib.o (abs)
C:/nxp/MCUXpressoIDE_25.6.136/ide/plugins/com.nxp.mcuxpresso.tools.win32_25.6.0.202501151204/tools/bin/../lib/gcc/arm-none-eabi/14.2.1/../../../../arm-none-eabi/lib/thumb/v7-m/nofp\libcr_c.a(strlen.o)
                              ./src/clib.o (strlen)
C:/nxp/MCUXpressoIDE_25.6.136/ide/plugins/com.nxp.mcuxpresso.tools.win32_25.6.0.202501151204/tools/bin/../lib/gcc/arm-none-eabi/14.2.1/../../../../arm-none-eabi/lib/thumb/v7-m/nofp\libcr_c.a(initio.o)
                              C:/nxp/MCUXpressoIDE_25.6.136/ide/plugins/com.nxp.mcuxpresso.tools.win32_25.6.0.202501151204/tools/bin/../lib/gcc/arm-none-eabi/14.2.1/../../../../arm-none-eabi/lib/thumb/v7-m/nofp\libcr_c.a(stdlib.o) (_terminateio)
C:/nxp/MCUXpressoIDE_25.6.136/ide/plugins/com.nxp.mcuxpresso.tools.win32_25.6.0.202501151204/tools/bin/../lib/gcc/arm-none-eabi/14.2.1/../../../../arm-none-eabi/lib/thumb/v7-m/nofp\libcr_c.a(raise.o)
                              C:/nxp/MCUXpressoIDE_25.6.136/ide/plugins/com.nxp.mcuxpresso.tools.win32_25.6.0.202501151204/tools/bin/../lib/gcc/arm-none-eabi/14.2.1/../../../../arm-none-eabi/lib/thumb/v7-m/nofp\libcr_c.a(stdlib.o) (raise)
C:/nxp/MCUXpressoIDE_25.6.136/ide/plugins/com.nxp.mcuxpresso.tools.win32_25.6.0.202501151204/tools/bin/../lib/gcc/arm-none-eabi/14.2.1/../../../../arm-none-eabi/lib/thumb/v7-m/nofp\libcr_c.a(setvbuf.o)
                              C:/nxp/MCUXpressoIDE_25.6.136/ide/plugins/com.nxp.mcuxpresso.tools.win32_25.6.0.202501151204/tools/bin/../lib/gcc/arm-none-eabi/14.2.1/../../../../arm-none-eabi/lib/thumb/v7-m/nofp\libcr_c.a(initio.o) (setvbuf)
C:/nxp/MCUXpressoIDE_25.6.136/ide/plugins/com.nxp.mcuxpresso.tools.win32_25.6.0.202501151204/tools/bin/../lib/gcc/arm-none-eabi/14.2.1/../../../../arm-none-eabi/lib/thumb/v7-m/nofp\libcr_c.a(_fdopen.o)
                              C:/nxp/MCUXpressoIDE_25.6.136/ide/plugins/com.nxp.mcuxpresso.tools.win32_25.6.0.202501151204/tools/bin/../lib/gcc/arm-none-eabi/14.2.1/../../../../arm-none-eabi/lib/thumb/v7-m/nofp\libcr_c.a(initio.o) (_fdopen)
C:/nxp/MCUXpressoIDE_25.6.136/ide/plugins/com.nxp.mcuxpresso.tools.win32_25.6.0.202501151204/tools/bin/../lib/gcc/arm-none-eabi/14.2.1/../../../../arm-none-eabi/lib/thumb/v7-m/nofp\libcr_c.a(fclose.o)
                              C:/nxp/MCUXpressoIDE_25.6.136/ide/plugins/com.nxp.mcuxpresso.tools.win32_25.6.0.202501151204/tools/bin/../lib/gcc/arm-none-eabi/14.2.1/../../../../arm-none-eabi/lib/thumb/v7-m/nofp\libcr_c.a(initio.o) (fclose)
C:/nxp/MCUXpressoIDE_25.6.136/ide/plugins/com.nxp.mcuxpresso.tools.win32_25.6.0.202501151204/tools/bin/../lib/gcc/arm-none-eabi/14.2.1/../../../../arm-none-eabi/lib/thumb/v7-m/nofp\libcr_c.a(fflush.o)
                              C:/nxp/MCUXpressoIDE_25.6.136/ide/plugins/com.nxp.mcuxpresso.tools.win32_25.6.0.202501151204/tools/bin/../lib/gcc/arm-none-eabi/14.2.1/../../../../arm-none-eabi/lib/thumb/v7-m/nofp\libcr_c.a(fclose.o) (fflush)
C:/nxp/MCUXpressoIDE_25.6.136/ide/plugins/com.nxp.mcuxpresso.tools.win32_25.6.0.202501151204/tools/bin/../lib/gcc/arm-none-eabi/14.2.1/../../../../arm-none-eabi/lib/thumb/v7-m/nofp\libcr_c.a(fseek.o)
                              C:/nxp/MCUXpressoIDE_25.6.136/ide/plugins/com.nxp.mcuxpresso.tools.win32_25.6.0.202501151204/tools/bin/../lib/gcc/arm-none-eabi/14.2.1/../../../../arm-none-eabi/lib/thumb/v7-m/nofp\libcr_c.a(_fdopen.o) (fseek)
C:/nxp/MCUXpressoIDE_25.6.136/ide/plugins/com.nxp.mcuxpresso.tools.win32_25.6.0.202501151204/tools/bin/../lib/gcc/arm-none-eabi/14.2.1/../../../../arm-none-eabi/lib/thumb/v7-m/nofp\libcr_c.a(ftell.o)
                              C:/nxp/MCUXpressoIDE_25.6.136/ide/plugins/com.nxp.mcuxpresso.tools.win32_25.6.0.202501151204/tools/bin/../lib/gcc/arm-none-eabi/14.2.1/../../../../arm-none-eabi/lib/thumb/v7-m/nofp\libcr_c.a(fseek.o) (ftell)
[...]
Memory Configuration

Name             Origin             Length             Attributes
MFlash256        0x00000000         0x00040000         xr
RamLoc32         0x10000000         0x00008000         xrw
RamAHB32         0x2007c000         0x00008000         xrw
*default*        0x00000000         0xffffffff

Linker script and memory map

LOAD ./src/Delay.o
LOAD ./src/GPIO.o
LOAD ./src/LCD.o
LOAD ./src/LCDcounter.o
LOAD ./src/LED.o
LOAD ./src/SysTick.o
LOAD ./src/clib.o
LOAD ./src/cr_startup_lpc175x_6x.o
LOAD ./src/crp.o
LOAD ./src/tactSW.o
LOAD C:\Users\4076383\Documents\MCUXpressoIDE_25.6.136\20260220GitembeddedC1\embeddedC1\CMSIS_CORE_LPC17xx\Debug\libCMSIS_CORE_LPC17xx.a
START GROUP
LOAD C:/nxp/MCUXpressoIDE_25.6.136/ide/plugins/com.nxp.mcuxpresso.tools.win32_25.6.0.202501151204/tools/bin/../lib/gcc/arm-none-eabi/14.2.1/../../../../arm-none-eabi/lib/thumb/v7-m/nofp\libcr_c.a
LOAD C:/nxp/MCUXpressoIDE_25.6.136/ide/plugins/com.nxp.mcuxpresso.tools.win32_25.6.0.202501151204/tools/bin/../lib/gcc/arm-none-eabi/14.2.1/thumb/v7-m/nofp\libcr_eabihelpers.a
LOAD C:/nxp/MCUXpressoIDE_25.6.136/ide/plugins/com.nxp.mcuxpresso.tools.win32_25.6.0.202501151204/tools/bin/../lib/gcc/arm-none-eabi/14.2.1/thumb/v7-m/nofp\libgcc.a
END GROUP
                0x00000000                        __base_MFlash256 = 0x0
                0x00000000                        __base_Flash = 0x0
                0x00040000                        __top_MFlash256 = 0x40000
                0x00040000                        __top_Flash = 0x40000
                0x10000000                        __base_RamLoc32 = 0x10000000
                0x10000000                        __base_RAM = 0x10000000
                0x10008000                        __top_RamLoc32 = 0x10008000
                0x10008000                        __top_RAM = 0x10008000
                0x2007c000                        __base_RamAHB32 = 0x2007c000
                0x2007c000                        __base_RAM2 = 0x2007c000
                0x20084000                        __top_RamAHB32 = 0x20084000
                0x20084000                        __top_RAM2 = 0x20084000

.text           0x00000000     0x15fc
 FILL mask 0xff
                0x00000000                        __vectors_start__ = ABSOLUTE (.)
 *(.isr_vector)
 .isr_vector    0x00000000       0xcc ./src/cr_startup_lpc175x_6x.o
                0x00000000                g_pfnVectors
                0x000000cc                        . = ALIGN (0x4)
                0x000000cc                        __section_table_start = .
                0x000000cc                        __data_section_table = .
                0x000000cc        0x4 LONG 0x15fc LOADADDR (.data)
                0x000000d0        0x4 LONG 0x10000000 ADDR (.data)
                0x000000d4        0x4 LONG 0x84 SIZEOF (.data)
                0x000000d8        0x4 LONG 0x15fc LOADADDR (.data_RAM2)
                0x000000dc        0x4 LONG 0x2007c000 ADDR (.data_RAM2)
                0x000000e0        0x4 LONG 0x0 SIZEOF (.data_RAM2)
                0x000000e4                        __data_section_table_end = .
                0x000000e4                        __bss_section_table = .
                0x000000e4        0x4 LONG 0x10000084 ADDR (.bss)
                0x000000e8        0x4 LONG 0x13c SIZEOF (.bss)
                0x000000ec        0x4 LONG 0x2007c000 ADDR (.bss_RAM2)
                0x000000f0        0x4 LONG 0x0 SIZEOF (.bss_RAM2)
                0x000000f4                        __bss_section_table_end = .
                0x000000f4                        __section_table_end = .
 *(.after_vectors*)
 .after_vectors
                0x000000f4      0x148 ./src/cr_startup_lpc175x_6x.o
                0x000000f4                data_init
                0x00000138                bss_init
                0x00000170                ResetISR
                0x000001ec                NMI_Handler
                0x000001f4                HardFault_Handler
                0x000001fc                MemManage_Handler
                0x00000204                BusFault_Handler
                0x0000020c                UsageFault_Handler
                0x00000214                SVC_Handler
                0x0000021c                DebugMon_Handler
                0x00000224                PendSV_Handler
                0x00000234                UART1_IRQHandler
                0x00000234                EINT3_IRQHandler
                0x00000234                CANActivity_IRQHandler
                0x00000234                TIMER3_IRQHandler
                0x00000234                UART0_IRQHandler
                0x00000234                USBActivity_IRQHandler
                0x00000234                EINT2_IRQHandler
                0x00000234                IntDefaultHandler
                0x00000234                PLL0_IRQHandler
                0x00000234                CAN_IRQHandler
                0x00000234                I2C0_IRQHandler
                0x00000234                SSP0_IRQHandler
                0x00000234                I2C1_IRQHandler
                0x00000234                I2C2_IRQHandler
                0x00000234                RTC_IRQHandler
                0x00000234                TIMER0_IRQHandler
                0x00000234                SPI_IRQHandler
                0x00000234                RIT_IRQHandler
                0x00000234                EINT1_IRQHandler
                0x00000234                TIMER1_IRQHandler
                0x00000234                UART2_IRQHandler
                0x00000234                ADC_IRQHandler
                0x00000234                SSP1_IRQHandler
                0x00000234                USB_IRQHandler
                0x00000234                BOD_IRQHandler
                0x00000234                PWM1_IRQHandler
                0x00000234                WDT_IRQHandler
                0x00000234                I2S_IRQHandler
                0x00000234                QEI_IRQHandler
                0x00000234                EINT0_IRQHandler
                0x00000234                PLL1_IRQHandler
                0x00000234                DMA_IRQHandler
                0x00000234                TIMER2_IRQHandler
                0x00000234                UART3_IRQHandler
                0x00000234                MCPWM_IRQHandler
                0x00000234                ENET_IRQHandler
                0x000002fc                        . = 0x2fc
 *fill*         0x0000023c       0xc0 ff
                0x000002fc                        PROVIDE (__CRP_WORD_START__ = .)
 *(.crp)
 .crp           0x000002fc        0x4 ./src/crp.o
                0x000002fc                CRP_WORD
                0x00000300                        PROVIDE (__CRP_WORD_END__ = .)
                0x00000001                        ASSERT (! ((__CRP_WORD_START__ == __CRP_WORD_END__)), Linker CRP Enabled, but no CRP_WORD provided within application)
 *(.text*)
 .text.Delay_40ns
                0x00000300       0x1c ./src/Delay.o
                0x00000300                Delay_40ns
 .text.Delay_us
                0x0000031c       0x2a ./src/Delay.o
                0x0000031c                Delay_us
 .text.Delay_ms
                0x00000346       0x2a ./src/Delay.o
                0x00000346                Delay_ms
 .text.GPIO_setDir
                0x00000370       0x70 ./src/GPIO.o
                0x00000370                GPIO_setDir
 .text.GPIO_setValueBit
                0x000003e0       0x5c ./src/GPIO.o
                0x000003e0                GPIO_setValueBit
 .text.GPIO_getValueBit
                0x0000043c       0x4c ./src/GPIO.o
                0x0000043c                GPIO_getValueBit
 .text.GPIO_getValue
                0x00000488       0x30 ./src/GPIO.o
                0x00000488                GPIO_getValue
 .text.LCD_setup
                0x000004b8       0xbc ./src/LCD.o
                0x000004b8                LCD_setup
 .text.LCD_init
                0x00000574       0xac ./src/LCD.o
                0x00000574                LCD_init
 .text.LCD_display
                0x00000620       0xb8 ./src/LCD.o
                0x00000620                LCD_display
 .text.esc_op   0x000006d8      0x1ec ./src/LCD.o
 .text.LCD_locate
                0x000008c4       0x54 ./src/LCD.o
                0x000008c4                LCD_locate
 .text.LCD_puts
                0x00000918       0x40 ./src/LCD.o
                0x00000918                LCD_puts
 .text.LCD_putchar
                0x00000958       0x84 ./src/LCD.o
                0x00000958                LCD_putchar
 .text.read_buf
                0x000009dc       0x68 ./src/LCD.o
 .text.LCD_reset_lcdbuf
                0x00000a44       0x4c ./src/LCD.o
                0x00000a44                LCD_reset_lcdbuf
 .text.LCD_read_4bitDB
                0x00000a90       0x72 ./src/LCD.o
 .text.LCD_write_4bitDB
                0x00000b02       0x66 ./src/LCD.o
 .text.LCD_read_nibble
                0x00000b68       0x84 ./src/LCD.o
 .text.LCD_read_byte
                0x00000bec       0x38 ./src/LCD.o
 .text.LCD_write_nibble
                0x00000c24       0x8e ./src/LCD.o
 .text.LCD_write_byte
                0x00000cb2       0x3a ./src/LCD.o
 .text.LCD_is_busy
                0x00000cec       0x26 ./src/LCD.o
 .text.main     0x00000d12       0xee ./src/LCDcounter.o
                0x00000d12                main
 .text.SYS_init
                0x00000e00       0x32 ./src/LCDcounter.o
 *fill*         0x00000e32        0x2 ff
 .text.LED_setup
                0x00000e34      0x15c ./src/LED.o
                0x00000e34                LED_setup
 .text.LED_on   0x00000f90       0x3c ./src/LED.o
                0x00000f90                LED_on
 .text.LED_off  0x00000fcc       0x3c ./src/LED.o
                0x00000fcc                LED_off
 .text.LED_alloff
                0x00001008       0x28 ./src/LED.o
                0x00001008                LED_alloff
 .text.get_time_10ms
                0x00001030       0x14 ./src/SysTick.o
                0x00001030                get_time_10ms
 .text.SysTick_init
                0x00001044       0x24 ./src/SysTick.o
                0x00001044                SysTick_init
 .text.SysTick_Handler
                0x00001068       0x94 ./src/SysTick.o
                0x00001068                SysTick_Handler
 .text.myitoa   0x000010fc       0xb0 ./src/clib.o
                0x000010fc                myitoa
 .text.reverse  0x000011ac       0x5c ./src/clib.o
 .text.tactSW_setup
                0x00001208       0x90 ./src/tactSW.o
                0x00001208                tactSW_setup
 .text.tactSW_isfix
                0x00001298       0x20 ./src/tactSW.o
                0x00001298                tactSW_isfix
 .text.tactSW_read
                0x000012b8       0x14 ./src/tactSW.o
                0x000012b8                tactSW_read
 .text.tactSW_update
                0x000012cc       0x28 ./src/tactSW.o
                0x000012cc                tactSW_update
 .text.tactSW_getStatus
                0x000012f4       0x50 ./src/tactSW.o
                0x000012f4                tactSW_getStatus
 .text.SystemInit
                0x00001344       0xd8 C:\Users\4076383\Documents\MCUXpressoIDE_25.6.136\20260220GitembeddedC1\embeddedC1\CMSIS_CORE_LPC17xx\Debug\libCMSIS_CORE_LPC17xx.a(system_LPC17xx.o)
                0x00001344                SystemInit
 .text.__weak_main
                0x0000141c        0x4 C:/nxp/MCUXpressoIDE_25.6.136/ide/plugins/com.nxp.mcuxpresso.tools.win32_25.6.0.202501151204/tools/bin/../lib/gcc/arm-none-eabi/14.2.1/../../../../arm-none-eabi/lib/thumb/v7-m/nofp\libcr_c.a(__weak__main.o)
                0x0000141c                __weak_main
                0x0000141c                __main
 .text.abs      0x00001420        0x8 C:/nxp/MCUXpressoIDE_25.6.136/ide/plugins/com.nxp.mcuxpresso.tools.win32_25.6.0.202501151204/tools/bin/../lib/gcc/arm-none-eabi/14.2.1/../../../../arm-none-eabi/lib/thumb/v7-m/nofp\libcr_c.a(stdlib.o)
                0x00001420                abs
 .text.strlen   0x00001428       0x4e C:/nxp/MCUXpressoIDE_25.6.136/ide/plugins/com.nxp.mcuxpresso.tools.win32_25.6.0.202501151204/tools/bin/../lib/gcc/arm-none-eabi/14.2.1/../../../../arm-none-eabi/lib/thumb/v7-m/nofp\libcr_c.a(strlen.o)
                0x00001428                strlen
 *(.rodata .rodata.* .constdata .constdata.*)
 *fill*         0x00001476        0x2 ff
 .rodata.LCD_locate.str1.4
                0x00001478        0x3 ./src/LCD.o
 .rodata.__ctype
                0x0000147b      0x180 C:/nxp/MCUXpressoIDE_25.6.136/ide/plugins/com.nxp.mcuxpresso.tools.win32_25.6.0.202501151204/tools/bin/../lib/gcc/arm-none-eabi/14.2.1/../../../../arm-none-eabi/lib/thumb/v7-m/nofp\libcr_c.a(ctype.o)
                0x0000147b                __ctype
                0x000015fc                        . = ALIGN (0x4)
 *fill*         0x000015fb        0x1 ff

.glue_7         0x000015fc        0x0
 .glue_7        0x000015fc        0x0 linker stubs

.glue_7t        0x000015fc        0x0
 .glue_7t       0x000015fc        0x0 linker stubs

.vfp11_veneer   0x000015fc        0x0
 .vfp11_veneer  0x000015fc        0x0 linker stubs

.v4_bx          0x000015fc        0x0
 .v4_bx         0x000015fc        0x0 linker stubs

.iplt           0x000015fc        0x0
 .iplt          0x000015fc        0x0 ./src/GPIO.o

.rel.dyn        0x000015fc        0x0
 .rel.iplt      0x000015fc        0x0 ./src/GPIO.o

.ARM.extab
 *(.ARM.extab* .gnu.linkonce.armextab.*)

.ARM.exidx      0x000015fc        0x0
                0x000015fc                        __exidx_start = .
 *(.ARM.exidx* .gnu.linkonce.armexidx.*)
                0x000015fc                        __exidx_end = .
                0x000015fc                        _etext = .

.data_RAM2      0x2007c000        0x0 load address 0x000015fc
 FILL mask 0xff
                [!provide]                        PROVIDE (__start_data_RAM2 = .)
                [!provide]                        PROVIDE (__start_data_RamAHB32 = .)
 *(.ramfunc.$RAM2)
 *(.ramfunc.$RamAHB32)
 *(.data.$RAM2)
 *(.data.$RamAHB32)
 *(.data.$RAM2.*)
 *(.data.$RamAHB32.*)
                0x2007c000                        . = ALIGN (0x4)
                [!provide]                        PROVIDE (__end_data_RAM2 = .)
                [!provide]                        PROVIDE (__end_data_RamAHB32 = .)

.uninit_RESERVED
                0x10000000        0x0
                0x10000000                        _start_uninit_RESERVED = .
 *(.bss.$RESERVED*)
                0x10000000                        . = ALIGN (0x4)
                0x10000000                        _end_uninit_RESERVED = .

.data           0x10000000       0x84 load address 0x000015fc
 FILL mask 0xff
                0x10000000                        _data = .
                [!provide]                        PROVIDE (__start_data_RAM = .)
                [!provide]                        PROVIDE (__start_data_RamLoc32 = .)
 *(vtable)
 *(.ramfunc*)
 *(CodeQuickAccess)
 *(DataQuickAccess)
 *(RamFunction)
 *(.data*)
 .data.FIOVAL_ptr
                0x10000000       0x14 ./src/GPIO.o
 .data.FIODIR_ptr.4
                0x10000014       0x14 ./src/GPIO.o
 .data.FIOSET_ptr.1
                0x10000028       0x14 ./src/GPIO.o
 .data.FIOCLR_ptr.0
                0x1000003c       0x14 ./src/GPIO.o
 .data.LED_info
                0x10000050       0x22 ./src/LED.o
 *fill*         0x10000072        0x2 ff
 .data.matchCount.0
                0x10000074        0x4 ./src/SysTick.o
 .data.TSW_info
                0x10000078        0xc ./src/tactSW.o
                0x10000084                        . = ALIGN (0x4)
                0x10000084                        _edata = .
                [!provide]                        PROVIDE (__end_data_RAM = .)
                [!provide]                        PROVIDE (__end_data_RamLoc32 = .)

.igot.plt       0x10000084        0x0 load address 0x00001680
 .igot.plt      0x10000084        0x0 ./src/GPIO.o

.bss_RAM2       0x2007c000        0x0
                [!provide]                        PROVIDE (__start_bss_RAM2 = .)
                [!provide]                        PROVIDE (__start_bss_RamAHB32 = .)
 *(.bss.$RAM2)
 *(.bss.$RamAHB32)
 *(.bss.$RAM2.*)
 *(.bss.$RamAHB32.*)
                0x2007c000                        . = ALIGN ((. != 0x0)?0x4:0x1)
                [!provide]                        PROVIDE (__end_bss_RAM2 = .)
                [!provide]                        PROVIDE (__end_bss_RamAHB32 = .)

.bss            0x10000084      0x13c
                0x10000084                        _bss = .
                [!provide]                        PROVIDE (__start_bss_RAM = .)
                [!provide]                        PROVIDE (__start_bss_RamLoc32 = .)
 *(.bss*)
 .bss.buf_lcd   0x10000084      0x100 ./src/LCD.o
 .bss.write_ptr
                0x10000184        0x4 ./src/LCD.o
 .bss.read_ptr  0x10000188        0x4 ./src/LCD.o
 .bss.cnt       0x1000018c        0x4 ./src/LCD.o
 .bss.chk_tmout
                0x10000190        0x4 ./src/LCD.o
 .bss.err_lcd   0x10000194        0x4 ./src/LCD.o
 .bss.is_esc.4  0x10000198        0x1 ./src/LCD.o
 *fill*         0x10000199        0x3 
 .bss.chk_10ms.3
                0x1000019c        0x4 ./src/LCD.o
 .bss.esc_state.2
                0x100001a0        0x1 ./src/LCD.o
 .bss.y.1       0x100001a1        0x1 ./src/LCD.o
 .bss.x.0       0x100001a2        0x1 ./src/LCD.o
 *fill*         0x100001a3        0x1 
 .bss.tick_1ms  0x100001a4        0x4 ./src/SysTick.o
 .bss.tick_10ms
                0x100001a8        0x4 ./src/SysTick.o
 .bss.mycnt.3   0x100001ac        0x4 ./src/SysTick.o
 .bss.tactSW_now.2
                0x100001b0        0x4 ./src/SysTick.o
 .bss.tactSW_old.1
                0x100001b4        0x4 ./src/SysTick.o
 .bss.tsw       0x100001b8        0x4 ./src/tactSW.o
 .bss.isfix     0x100001bc        0x4 ./src/tactSW.o
 *(COMMON)
                0x100001c0                        . = ALIGN (0x4)
                0x100001c0                        _ebss = .
                [!provide]                        PROVIDE (__end_bss_RAM = .)
                [!provide]                        PROVIDE (__end_bss_RamLoc32 = .)
                [!provide]                        PROVIDE (end = .)

.noinit_RAM2    0x2007c000        0x0
                [!provide]                        PROVIDE (__start_noinit_RAM2 = .)
                [!provide]                        PROVIDE (__start_noinit_RamAHB32 = .)
 *(.noinit.$RAM2)
 *(.noinit.$RamAHB32)
 *(.noinit.$RAM2.*)
 *(.noinit.$RamAHB32.*)
                0x2007c000                        . = ALIGN (0x4)
                [!provide]                        PROVIDE (__end_noinit_RAM2 = .)
                [!provide]                        PROVIDE (__end_noinit_RamAHB32 = .)

.noinit         0x100001c0        0x0
                0x100001c0                        _noinit = .
                [!provide]                        PROVIDE (__start_noinit_RAM = .)
                [!provide]                        PROVIDE (__start_noinit_RamLoc32 = .)
 *(.noinit*)
                0x100001c0                        . = ALIGN (0x4)
                0x100001c0                        _end_noinit = .
                [!provide]                        PROVIDE (__end_noinit_RAM = .)
                [!provide]                        PROVIDE (__end_noinit_RamLoc32 = .)
                0x100001c0                        PROVIDE (_pvHeapStart = DEFINED (__user_heap_base)?__user_heap_base:.)
                0x10008000                        PROVIDE (_vStackTop = DEFINED (__user_stack_top)?__user_stack_top:(__top_RamLoc32 - 0x0))
                0xefff749e                        PROVIDE (__valid_user_code_checksum = (0x0 - ((((((_vStackTop + (ResetISR + 0x1)) + (NMI_Handler + 0x1)) + (HardFault_Handler + 0x1)) + (DEFINED (MemManage_Handler)?MemManage_Handler:0x0 + 0x1)) + (DEFINED (BusFault_Handler)?BusFault_Handler:0x0 + 0x1)) + (DEFINED (UsageFault_Handler)?UsageFault_Handler:0x0 + 0x1))))
                0x00000000                        _image_start = LOADADDR (.text)
                0x00001680                        _image_end = (LOADADDR (.data) + SIZEOF (.data))
                0x00001680                        _image_size = (_image_end - _image_start)
OUTPUT(LCDcounter.axf elf32-littlearm)
LOAD linker stubs

.debug_info     0x00000000     0x2661
 .debug_info    0x00000000       0xd7 ./src/Delay.o
 .debug_info    0x000000d7      0x2ba ./src/GPIO.o
 .debug_info    0x00000391      0x718 ./src/LCD.o
 .debug_info    0x00000aa9      0x2d2 ./src/LCDcounter.o
 .debug_info    0x00000d7b      0x317 ./src/LED.o
 .debug_info    0x00001092      0x160 ./src/SysTick.o
 .debug_info    0x000011f2      0x22e ./src/clib.o
 .debug_info    0x00001420      0x2a8 ./src/cr_startup_lpc175x_6x.o
 .debug_info    0x000016c8       0x40 ./src/crp.o
 .debug_info    0x00001708      0x334 ./src/tactSW.o
 .debug_info    0x00001a3c      0x347 C:\Users\4076383\Documents\MCUXpressoIDE_25.6.136\20260220GitembeddedC1\embeddedC1\CMSIS_CORE_LPC17xx\Debug\libCMSIS_CORE_LPC17xx.a(system_LPC17xx.o)
 .debug_info    0x00001d83       0x4a C:/nxp/MCUXpressoIDE_25.6.136/ide/plugins/com.nxp.mcuxpresso.tools.win32_25.6.0.202501151204/tools/bin/../lib/gcc/arm-none-eabi/14.2.1/../../../../arm-none-eabi/lib/thumb/v7-m/nofp\libcr_c.a(__weak__main.o)
 .debug_info    0x00001dcd      0x2f8 C:/nxp/MCUXpressoIDE_25.6.136/ide/plugins/com.nxp.mcuxpresso.tools.win32_25.6.0.202501151204/tools/bin/../lib/gcc/arm-none-eabi/14.2.1/../../../../arm-none-eabi/lib/thumb/v7-m/nofp\libcr_c.a(ctype.o)
 .debug_info    0x000020c5      0x4bb C:/nxp/MCUXpressoIDE_25.6.136/ide/plugins/com.nxp.mcuxpresso.tools.win32_25.6.0.202501151204/tools/bin/../lib/gcc/arm-none-eabi/14.2.1/../../../../arm-none-eabi/lib/thumb/v7-m/nofp\libcr_c.a(stdlib.o)
 .debug_info    0x00002580       0xe1 C:/nxp/MCUXpressoIDE_25.6.136/ide/plugins/com.nxp.mcuxpresso.tools.win32_25.6.0.202501151204/tools/bin/../lib/gcc/arm-none-eabi/14.2.1/../../../../arm-none-eabi/lib/thumb/v7-m/nofp\libcr_c.a(strlen.o)

.debug_abbrev   0x00000000     0x11c2
 .debug_abbrev  0x00000000       0xb2 ./src/Delay.o
 .debug_abbrev  0x000000b2      0x13d ./src/GPIO.o
 .debug_abbrev  0x000001ef      0x2b4 ./src/LCD.o
 .debug_abbrev  0x000004a3      0x15e ./src/LCDcounter.o
 .debug_abbrev  0x00000601      0x10d ./src/LED.o
 .debug_abbrev  0x0000070e       0xd7 ./src/SysTick.o
 .debug_abbrev  0x000007e5      0x13c ./src/clib.o
 .debug_abbrev  0x00000921      0x160 ./src/cr_startup_lpc175x_6x.o
 .debug_abbrev  0x00000a81       0x38 ./src/crp.o
 .debug_abbrev  0x00000ab9      0x194 ./src/tactSW.o
 .debug_abbrev  0x00000c4d      0x10e C:\Users\4076383\Documents\MCUXpressoIDE_25.6.136\20260220GitembeddedC1\embeddedC1\CMSIS_CORE_LPC17xx\Debug\libCMSIS_CORE_LPC17xx.a(system_LPC17xx.o)
 .debug_abbrev  0x00000d5b       0x4f C:/nxp/MCUXpressoIDE_25.6.136/ide/plugins/com.nxp.mcuxpresso.tools.win32_25.6.0.202501151204/tools/bin/../lib/gcc/arm-none-eabi/14.2.1/../../../../arm-none-eabi/lib/thumb/v7-m/nofp\libcr_c.a(__weak__main.o)
 .debug_abbrev  0x00000daa       0xba C:/nxp/MCUXpressoIDE_25.6.136/ide/plugins/com.nxp.mcuxpresso.tools.win32_25.6.0.202501151204/tools/bin/../lib/gcc/arm-none-eabi/14.2.1/../../../../arm-none-eabi/lib/thumb/v7-m/nofp\libcr_c.a(ctype.o)
 .debug_abbrev  0x00000e64      0x2b7 C:/nxp/MCUXpressoIDE_25.6.136/ide/plugins/com.nxp.mcuxpresso.tools.win32_25.6.0.202501151204/tools/bin/../lib/gcc/arm-none-eabi/14.2.1/../../../../arm-none-eabi/lib/thumb/v7-m/nofp\libcr_c.a(stdlib.o)
 .debug_abbrev  0x0000111b       0xa7 C:/nxp/MCUXpressoIDE_25.6.136/ide/plugins/com.nxp.mcuxpresso.tools.win32_25.6.0.202501151204/tools/bin/../lib/gcc/arm-none-eabi/14.2.1/../../../../arm-none-eabi/lib/thumb/v7-m/nofp\libcr_c.a(strlen.o)

.debug_aranges  0x00000000      0x430
 .debug_aranges
                0x00000000       0x38 ./src/Delay.o
 .debug_aranges
                0x00000038       0x40 ./src/GPIO.o
 .debug_aranges
                0x00000078       0x98 ./src/LCD.o
 .debug_aranges
                0x00000110       0x28 ./src/LCDcounter.o
 .debug_aranges
                0x00000138       0x38 ./src/LED.o
 .debug_aranges
                0x00000170       0x38 ./src/SysTick.o
 .debug_aranges
                0x000001a8       0x38 ./src/clib.o
 .debug_aranges
                0x000001e0       0x80 ./src/cr_startup_lpc175x_6x.o
 .debug_aranges
                0x00000260       0x18 ./src/crp.o
 .debug_aranges
                0x00000278       0x48 ./src/tactSW.o
 .debug_aranges
                0x000002c0       0x28 C:\Users\4076383\Documents\MCUXpressoIDE_25.6.136\20260220GitembeddedC1\embeddedC1\CMSIS_CORE_LPC17xx\Debug\libCMSIS_CORE_LPC17xx.a(system_LPC17xx.o)
 .debug_aranges
                0x000002e8       0x20 C:/nxp/MCUXpressoIDE_25.6.136/ide/plugins/com.nxp.mcuxpresso.tools.win32_25.6.0.202501151204/tools/bin/../lib/gcc/arm-none-eabi/14.2.1/../../../../arm-none-eabi/lib/thumb/v7-m/nofp\libcr_c.a(__weak__main.o)
 .debug_aranges
                0x00000308       0x80 C:/nxp/MCUXpressoIDE_25.6.136/ide/plugins/com.nxp.mcuxpresso.tools.win32_25.6.0.202501151204/tools/bin/../lib/gcc/arm-none-eabi/14.2.1/../../../../arm-none-eabi/lib/thumb/v7-m/nofp\libcr_c.a(ctype.o)
 .debug_aranges
                0x00000388       0x88 C:/nxp/MCUXpressoIDE_25.6.136/ide/plugins/com.nxp.mcuxpresso.tools.win32_25.6.0.202501151204/tools/bin/../lib/gcc/arm-none-eabi/14.2.1/../../../../arm-none-eabi/lib/thumb/v7-m/nofp\libcr_c.a(stdlib.o)
 .debug_aranges
                0x00000410       0x20 C:/nxp/MCUXpressoIDE_25.6.136/ide/plugins/com.nxp.mcuxpresso.tools.win32_25.6.0.202501151204/tools/bin/../lib/gcc/arm-none-eabi/14.2.1/../../../../arm-none-eabi/lib/thumb/v7-m/nofp\libcr_c.a(strlen.o)

.debug_ranges   0x00000000      0x368
 .debug_ranges  0x00000000       0x28 ./src/Delay.o
 .debug_ranges  0x00000028       0x60 ./src/GPIO.o
 .debug_ranges  0x00000088       0x88 ./src/LCD.o
 .debug_ranges  0x00000110       0x18 ./src/LCDcounter.o
 .debug_ranges  0x00000128       0x28 ./src/LED.o
 .debug_ranges  0x00000150       0x28 ./src/SysTick.o
 .debug_ranges  0x00000178       0x28 ./src/clib.o
 .debug_ranges  0x000001a0       0x70 ./src/cr_startup_lpc175x_6x.o
 .debug_ranges  0x00000210       0x38 ./src/tactSW.o
 .debug_ranges  0x00000248       0x18 C:\Users\4076383\Documents\MCUXpressoIDE_25.6.136\20260220GitembeddedC1\embeddedC1\CMSIS_CORE_LPC17xx\Debug\libCMSIS_CORE_LPC17xx.a(system_LPC17xx.o)
 .debug_ranges  0x00000260       0x10 C:/nxp/MCUXpressoIDE_25.6.136/ide/plugins/com.nxp.mcuxpresso.tools.win32_25.6.0.202501151204/tools/bin/../lib/gcc/arm-none-eabi/14.2.1/../../../../arm-none-eabi/lib/thumb/v7-m/nofp\libcr_c.a(__weak__main.o)
 .debug_ranges  0x00000270       0x70 C:/nxp/MCUXpressoIDE_25.6.136/ide/plugins/com.nxp.mcuxpresso.tools.win32_25.6.0.202501151204/tools/bin/../lib/gcc/arm-none-eabi/14.2.1/../../../../arm-none-eabi/lib/thumb/v7-m/nofp\libcr_c.a(ctype.o)
 .debug_ranges  0x000002e0       0x78 C:/nxp/MCUXpressoIDE_25.6.136/ide/plugins/com.nxp.mcuxpresso.tools.win32_25.6.0.202501151204/tools/bin/../lib/gcc/arm-none-eabi/14.2.1/../../../../arm-none-eabi/lib/thumb/v7-m/nofp\libcr_c.a(stdlib.o)
 .debug_ranges  0x00000358       0x10 C:/nxp/MCUXpressoIDE_25.6.136/ide/plugins/com.nxp.mcuxpresso.tools.win32_25.6.0.202501151204/tools/bin/../lib/gcc/arm-none-eabi/14.2.1/../../../../arm-none-eabi/lib/thumb/v7-m/nofp\libcr_c.a(strlen.o)

.debug_macro    0x00000000     0x354b
 .debug_macro   0x00000000       0x1b ./src/Delay.o
 .debug_macro   0x0000001b      0xae4 ./src/Delay.o
 .debug_macro   0x00000aff       0x63 ./src/GPIO.o
 .debug_macro   0x00000b62       0x10 ./src/GPIO.o
 .debug_macro   0x00000b72       0x7c ./src/GPIO.o
 .debug_macro   0x00000bee      0x12e ./src/GPIO.o
 .debug_macro   0x00000d1c      0x5b3 ./src/GPIO.o
 .debug_macro   0x000012cf       0x10 ./src/GPIO.o
 .debug_macro   0x000012df       0xbe ./src/GPIO.o
 .debug_macro   0x0000139d      0x1c9 ./src/LCD.o
 .debug_macro   0x00001566       0x7c ./src/LCD.o
 .debug_macro   0x000015e2       0x22 ./src/LCD.o
 .debug_macro   0x00001604       0x1c ./src/LCD.o
 .debug_macro   0x00001620       0x3a ./src/LCD.o
 .debug_macro   0x0000165a       0x2d ./src/LCD.o
 .debug_macro   0x00001687      0xbb1 ./src/LCD.o
 .debug_macro   0x00002238      0x2c7 ./src/LCD.o
 .debug_macro   0x000024ff       0x70 ./src/LCD.o
 .debug_macro   0x0000256f       0x16 ./src/LCD.o
 .debug_macro   0x00002585       0x40 ./src/LCD.o
 .debug_macro   0x000025c5       0xd4 ./src/LCDcounter.o
 .debug_macro   0x00002699       0x28 ./src/LCDcounter.o
 .debug_macro   0x000026c1       0x71 ./src/LED.o
 .debug_macro   0x00002732       0x98 ./src/SysTick.o
 .debug_macro   0x000027ca       0x6d ./src/clib.o
 .debug_macro   0x00002837       0x22 ./src/clib.o
 .debug_macro   0x00002859       0x1d ./src/cr_startup_lpc175x_6x.o
 .debug_macro   0x00002876       0x1a ./src/crp.o
 .debug_macro   0x00002890       0x34 ./src/crp.o
 .debug_macro   0x000028c4       0x7c ./src/tactSW.o
 .debug_macro   0x00002940      0x12d C:\Users\4076383\Documents\MCUXpressoIDE_25.6.136\20260220GitembeddedC1\embeddedC1\CMSIS_CORE_LPC17xx\Debug\libCMSIS_CORE_LPC17xx.a(system_LPC17xx.o)
 .debug_macro   0x00002a6d      0xade C:\Users\4076383\Documents\MCUXpressoIDE_25.6.136\20260220GitembeddedC1\embeddedC1\CMSIS_CORE_LPC17xx\Debug\libCMSIS_CORE_LPC17xx.a(system_LPC17xx.o)

.debug_line     0x00000000     0x281e
 .debug_line    0x00000000      0x115 ./src/Delay.o
 .debug_line    0x00000115      0x2da ./src/GPIO.o
 .debug_line    0x000003ef      0x7b8 ./src/LCD.o
 .debug_line    0x00000ba7      0x3a9 ./src/LCDcounter.o
 .debug_line    0x00000f50      0x2d6 ./src/LED.o
 .debug_line    0x00001226      0x28b ./src/SysTick.o
 .debug_line    0x000014b1      0x31c ./src/clib.o
 .debug_line    0x000017cd      0x11e ./src/cr_startup_lpc175x_6x.o
 .debug_line    0x000018eb       0xae ./src/crp.o
 .debug_line    0x00001999      0x2e2 ./src/tactSW.o
 .debug_line    0x00001c7b      0x46f C:\Users\4076383\Documents\MCUXpressoIDE_25.6.136\20260220GitembeddedC1\embeddedC1\CMSIS_CORE_LPC17xx\Debug\libCMSIS_CORE_LPC17xx.a(system_LPC17xx.o)
 .debug_line    0x000020ea       0x4a C:/nxp/MCUXpressoIDE_25.6.136/ide/plugins/com.nxp.mcuxpresso.tools.win32_25.6.0.202501151204/tools/bin/../lib/gcc/arm-none-eabi/14.2.1/../../../../arm-none-eabi/lib/thumb/v7-m/nofp\libcr_c.a(__weak__main.o)
 .debug_line    0x00002134      0x202 C:/nxp/MCUXpressoIDE_25.6.136/ide/plugins/com.nxp.mcuxpresso.tools.win32_25.6.0.202501151204/tools/bin/../lib/gcc/arm-none-eabi/14.2.1/../../../../arm-none-eabi/lib/thumb/v7-m/nofp\libcr_c.a(ctype.o)
 .debug_line    0x00002336      0x3a7 C:/nxp/MCUXpressoIDE_25.6.136/ide/plugins/com.nxp.mcuxpresso.tools.win32_25.6.0.202501151204/tools/bin/../lib/gcc/arm-none-eabi/14.2.1/../../../../arm-none-eabi/lib/thumb/v7-m/nofp\libcr_c.a(stdlib.o)
 .debug_line    0x000026dd      0x141 C:/nxp/MCUXpressoIDE_25.6.136/ide/plugins/com.nxp.mcuxpresso.tools.win32_25.6.0.202501151204/tools/bin/../lib/gcc/arm-none-eabi/14.2.1/../../../../arm-none-eabi/lib/thumb/v7-m/nofp\libcr_c.a(strlen.o)

.debug_str      0x00000000     0xc1d6
 .debug_str     0x00000000     0xc1d6 ./src/Delay.o
                               0x2ef0 (size before relaxing)
 .debug_str     0x0000c1d6     0x4d5f ./src/GPIO.o
 .debug_str     0x0000c1d6     0xab19 ./src/LCD.o
 .debug_str     0x0000c1d6     0xa28d ./src/LCDcounter.o
 .debug_str     0x0000c1d6     0x4f85 ./src/LED.o
 .debug_str     0x0000c1d6     0x481d ./src/SysTick.o
 .debug_str     0x0000c1d6     0x466b ./src/clib.o
 .debug_str     0x0000c1d6     0x30ab ./src/cr_startup_lpc175x_6x.o
 .debug_str     0x0000c1d6     0x2f94 ./src/crp.o
 .debug_str     0x0000c1d6     0x4b85 ./src/tactSW.o
 .debug_str     0x0000c1d6     0xa2be C:\Users\4076383\Documents\MCUXpressoIDE_25.6.136\20260220GitembeddedC1\embeddedC1\CMSIS_CORE_LPC17xx\Debug\libCMSIS_CORE_LPC17xx.a(system_LPC17xx.o)
 .debug_str     0x0000c1d6      0x126 C:/nxp/MCUXpressoIDE_25.6.136/ide/plugins/com.nxp.mcuxpresso.tools.win32_25.6.0.202501151204/tools/bin/../lib/gcc/arm-none-eabi/14.2.1/../../../../arm-none-eabi/lib/thumb/v7-m/nofp\libcr_c.a(__weak__main.o)
 .debug_str     0x0000c1d6      0x1c1 C:/nxp/MCUXpressoIDE_25.6.136/ide/plugins/com.nxp.mcuxpresso.tools.win32_25.6.0.202501151204/tools/bin/../lib/gcc/arm-none-eabi/14.2.1/../../../../arm-none-eabi/lib/thumb/v7-m/nofp\libcr_c.a(ctype.o)
 .debug_str     0x0000c1d6      0x277 C:/nxp/MCUXpressoIDE_25.6.136/ide/plugins/com.nxp.mcuxpresso.tools.win32_25.6.0.202501151204/tools/bin/../lib/gcc/arm-none-eabi/14.2.1/../../../../arm-none-eabi/lib/thumb/v7-m/nofp\libcr_c.a(stdlib.o)
 .debug_str     0x0000c1d6      0x17a C:/nxp/MCUXpressoIDE_25.6.136/ide/plugins/com.nxp.mcuxpresso.tools.win32_25.6.0.202501151204/tools/bin/../lib/gcc/arm-none-eabi/14.2.1/../../../../arm-none-eabi/lib/thumb/v7-m/nofp\libcr_c.a(strlen.o)

.comment        0x00000000       0x45
 .comment       0x00000000       0x45 ./src/Delay.o
                                 0x46 (size before relaxing)
 .comment       0x00000045       0x46 ./src/GPIO.o
 .comment       0x00000045       0x46 ./src/LCD.o
 .comment       0x00000045       0x46 ./src/LCDcounter.o
 .comment       0x00000045       0x46 ./src/LED.o
 .comment       0x00000045       0x46 ./src/SysTick.o
 .comment       0x00000045       0x46 ./src/clib.o
 .comment       0x00000045       0x46 ./src/cr_startup_lpc175x_6x.o
 .comment       0x00000045       0x46 ./src/crp.o
 .comment       0x00000045       0x46 ./src/tactSW.o
 .comment       0x00000045       0x46 C:\Users\4076383\Documents\MCUXpressoIDE_25.6.136\20260220GitembeddedC1\embeddedC1\CMSIS_CORE_LPC17xx\Debug\libCMSIS_CORE_LPC17xx.a(system_LPC17xx.o)
 .comment       0x00000045       0x46 C:/nxp/MCUXpressoIDE_25.6.136/ide/plugins/com.nxp.mcuxpresso.tools.win32_25.6.0.202501151204/tools/bin/../lib/gcc/arm-none-eabi/14.2.1/../../../../arm-none-eabi/lib/thumb/v7-m/nofp\libcr_c.a(__weak__main.o)
 .comment       0x00000045       0x46 C:/nxp/MCUXpressoIDE_25.6.136/ide/plugins/com.nxp.mcuxpresso.tools.win32_25.6.0.202501151204/tools/bin/../lib/gcc/arm-none-eabi/14.2.1/../../../../arm-none-eabi/lib/thumb/v7-m/nofp\libcr_c.a(ctype.o)
 .comment       0x00000045       0x46 C:/nxp/MCUXpressoIDE_25.6.136/ide/plugins/com.nxp.mcuxpresso.tools.win32_25.6.0.202501151204/tools/bin/../lib/gcc/arm-none-eabi/14.2.1/../../../../arm-none-eabi/lib/thumb/v7-m/nofp\libcr_c.a(stdlib.o)
 .comment       0x00000045       0x46 C:/nxp/MCUXpressoIDE_25.6.136/ide/plugins/com.nxp.mcuxpresso.tools.win32_25.6.0.202501151204/tools/bin/../lib/gcc/arm-none-eabi/14.2.1/../../../../arm-none-eabi/lib/thumb/v7-m/nofp\libcr_c.a(strlen.o)

.ARM.attributes
                0x00000000       0x2b
 .ARM.attributes
                0x00000000       0x2d ./src/Delay.o
 .ARM.attributes
                0x0000002d       0x2d ./src/GPIO.o
 .ARM.attributes
                0x0000005a       0x2d ./src/LCD.o
 .ARM.attributes
                0x00000087       0x2d ./src/LCDcounter.o
 .ARM.attributes
                0x000000b4       0x2d ./src/LED.o
 .ARM.attributes
                0x000000e1       0x2d ./src/SysTick.o
 .ARM.attributes
                0x0000010e       0x2d ./src/clib.o
 .ARM.attributes
                0x0000013b       0x2d ./src/cr_startup_lpc175x_6x.o
 .ARM.attributes
                0x00000168       0x2d ./src/crp.o
 .ARM.attributes
                0x00000195       0x2d ./src/tactSW.o
 .ARM.attributes
                0x000001c2       0x2d C:\Users\4076383\Documents\MCUXpressoIDE_25.6.136\20260220GitembeddedC1\embeddedC1\CMSIS_CORE_LPC17xx\Debug\libCMSIS_CORE_LPC17xx.a(system_LPC17xx.o)
 .ARM.attributes
                0x000001ef       0x2d C:/nxp/MCUXpressoIDE_25.6.136/ide/plugins/com.nxp.mcuxpresso.tools.win32_25.6.0.202501151204/tools/bin/../lib/gcc/arm-none-eabi/14.2.1/../../../../arm-none-eabi/lib/thumb/v7-m/nofp\libcr_c.a(__weak__main.o)
 .ARM.attributes
                0x0000021c       0x2d C:/nxp/MCUXpressoIDE_25.6.136/ide/plugins/com.nxp.mcuxpresso.tools.win32_25.6.0.202501151204/tools/bin/../lib/gcc/arm-none-eabi/14.2.1/../../../../arm-none-eabi/lib/thumb/v7-m/nofp\libcr_c.a(ctype.o)
 .ARM.attributes
                0x00000249       0x2d C:/nxp/MCUXpressoIDE_25.6.136/ide/plugins/com.nxp.mcuxpresso.tools.win32_25.6.0.202501151204/tools/bin/../lib/gcc/arm-none-eabi/14.2.1/../../../../arm-none-eabi/lib/thumb/v7-m/nofp\libcr_c.a(stdlib.o)
 .ARM.attributes
                0x00000276       0x2d C:/nxp/MCUXpressoIDE_25.6.136/ide/plugins/com.nxp.mcuxpresso.tools.win32_25.6.0.202501151204/tools/bin/../lib/gcc/arm-none-eabi/14.2.1/../../../../arm-none-eabi/lib/thumb/v7-m/nofp\libcr_c.a(strlen.o)

.debug_frame    0x00000000      0xad0
 .debug_frame   0x00000000       0xac ./src/Delay.o
 .debug_frame   0x000000ac       0xd8 ./src/GPIO.o
 .debug_frame   0x00000184      0x244 ./src/LCD.o
 .debug_frame   0x000003c8       0x4c ./src/LCDcounter.o
 .debug_frame   0x00000414       0x98 ./src/LED.o
 .debug_frame   0x000004ac       0x8c ./src/SysTick.o
 .debug_frame   0x00000538       0xa4 ./src/clib.o
 .debug_frame   0x000005dc      0x170 ./src/cr_startup_lpc175x_6x.o
 .debug_frame   0x0000074c       0xe0 ./src/tactSW.o
 .debug_frame   0x0000082c       0x38 C:\Users\4076383\Documents\MCUXpressoIDE_25.6.136\20260220GitembeddedC1\embeddedC1\CMSIS_CORE_LPC17xx\Debug\libCMSIS_CORE_LPC17xx.a(system_LPC17xx.o)
 .debug_frame   0x00000864       0x20 C:/nxp/MCUXpressoIDE_25.6.136/ide/plugins/com.nxp.mcuxpresso.tools.win32_25.6.0.202501151204/tools/bin/../lib/gcc/arm-none-eabi/14.2.1/../../../../arm-none-eabi/lib/thumb/v7-m/nofp\libcr_c.a(__weak__main.o)
 .debug_frame   0x00000884       0xe0 C:/nxp/MCUXpressoIDE_25.6.136/ide/plugins/com.nxp.mcuxpresso.tools.win32_25.6.0.202501151204/tools/bin/../lib/gcc/arm-none-eabi/14.2.1/../../../../arm-none-eabi/lib/thumb/v7-m/nofp\libcr_c.a(ctype.o)
 .debug_frame   0x00000964      0x144 C:/nxp/MCUXpressoIDE_25.6.136/ide/plugins/com.nxp.mcuxpresso.tools.win32_25.6.0.202501151204/tools/bin/../lib/gcc/arm-none-eabi/14.2.1/../../../../arm-none-eabi/lib/thumb/v7-m/nofp\libcr_c.a(stdlib.o)
 .debug_frame   0x00000aa8       0x28 C:/nxp/MCUXpressoIDE_25.6.136/ide/plugins/com.nxp.mcuxpresso.tools.win32_25.6.0.202501151204/tools/bin/../lib/gcc/arm-none-eabi/14.2.1/../../../../arm-none-eabi/lib/thumb/v7-m/nofp\libcr_c.a(strlen.o)

.debug_loc      0x00000000      0x5ee
 .debug_loc     0x00000000      0x22f C:/nxp/MCUXpressoIDE_25.6.136/ide/plugins/com.nxp.mcuxpresso.tools.win32_25.6.0.202501151204/tools/bin/../lib/gcc/arm-none-eabi/14.2.1/../../../../arm-none-eabi/lib/thumb/v7-m/nofp\libcr_c.a(ctype.o)
 .debug_loc     0x0000022f      0x2cf C:/nxp/MCUXpressoIDE_25.6.136/ide/plugins/com.nxp.mcuxpresso.tools.win32_25.6.0.202501151204/tools/bin/../lib/gcc/arm-none-eabi/14.2.1/../../../../arm-none-eabi/lib/thumb/v7-m/nofp\libcr_c.a(stdlib.o)
 .debug_loc     0x000004fe       0xf0 C:/nxp/MCUXpressoIDE_25.6.136/ide/plugins/com.nxp.mcuxpresso.tools.win32_25.6.0.202501151204/tools/bin/../lib/gcc/arm-none-eabi/14.2.1/../../../../arm-none-eabi/lib/thumb/v7-m/nofp\libcr_c.a(strlen.o)
