../src/mode_alarm.c:74:6:init_mode_alarm	8	static
../src/mode_alarm.c:101:6:mode_alarm	16	static
../src/mode_alarm.c:144:6:update_alarm_enable	8	static
../src/mode_alarm.c:167:6:update_alarm	16	static
../src/mode_alarm.c:197:6:update_alarm_10ms	16	static
../src/mode_alarm.c:207:6:get_alarm	16	static
../src/mode_alarm.c:228:6:is_alarm_setting	4	static
../src/mode_alarm.c:236:6:exit_alarm_setting	8	static
../src/mode_alarm.c:252:6:request_alarm_cursor_update	4	static
../src/mode_alarm.c:262:6:update_alarm_cursor	16	static
../src/mode_alarm.c:293:13:restart_cursor_blink	8	static
../src/mode_alarm.c:303:13:move_setting_item	8	static
../src/mode_alarm.c:317:13:change_setting_value	16	static
../src/mode_alarm.c:335:21:change_cyclic_value	24	static
../src/mode_alarm.c:358:13:start_alarm	8	static
../src/mode_alarm.c:370:13:stop_alarm	8	static
