../src/mode_alarm.c:73:6:init_mode_alarm	8	static
../src/mode_alarm.c:99:6:mode_alarm	16	static
../src/mode_alarm.c:142:6:update_alarm_enable	8	static
../src/mode_alarm.c:165:6:update_alarm	16	static
../src/mode_alarm.c:193:6:get_alarm	16	static
../src/mode_alarm.c:214:6:is_alarm_setting	4	static
../src/mode_alarm.c:222:6:exit_alarm_setting	8	static
../src/mode_alarm.c:238:6:request_alarm_cursor_update	4	static
../src/mode_alarm.c:248:6:update_alarm_cursor	16	static
../src/mode_alarm.c:279:13:restart_cursor_blink	8	static
../src/mode_alarm.c:289:13:move_setting_item	8	static
../src/mode_alarm.c:303:13:change_setting_value	16	static
../src/mode_alarm.c:321:21:change_cyclic_value	24	static
../src/mode_alarm.c:344:13:start_alarm	8	static
../src/mode_alarm.c:355:13:stop_alarm	8	static
