C:\Users\4104720\Documents\MCUXpressoIDE_25.6.136\20260416GitembeddedC1\20260416GitembeddedC1\embeddedC1\CMSIS_CORE_LPC17xx\inc/core_cm3.h:1323:22:NVIC_EnableIRQ	16	static
C:\Users\4104720\Documents\MCUXpressoIDE_25.6.136\20260416GitembeddedC1\20260416GitembeddedC1\embeddedC1\CMSIS_CORE_LPC17xx\inc/core_cm3.h:1335:22:NVIC_DisableIRQ	16	static
C:\Users\4104720\Documents\MCUXpressoIDE_25.6.136\20260416GitembeddedC1\20260416GitembeddedC1\embeddedC1\CMSIS_CORE_LPC17xx\inc/core_cm3.h:1375:22:NVIC_ClearPendingIRQ	16	static
../src/Timer.c:47:6:Timer_init	16	static
../src/Timer.c:84:6:Timer_start	16	static
../src/Timer.c:121:6:Timer_stop	8	static
../src/Timer.c:146:6:TIMER0_IRQHandler	8	static
../src/Timer.c:164:21:get_timer0_pclk	16	static
../src/Timer.c:190:21:get_prescaler_for_1us	16	static
